Archive member included to satisfy reference by file (symbol)

e:/software/gcc_2021.10/bin/../lib/gcc/arm-none-eabi/10.3.1/thumb/v7e-m/nofp\libgcc.a(_arm_muldf3.o)
                              ./objects/printf-stdarg.o (__aeabi_dmul)
e:/software/gcc_2021.10/bin/../lib/gcc/arm-none-eabi/10.3.1/thumb/v7e-m/nofp\libgcc.a(_arm_addsubdf3.o)
                              ./objects/printf-stdarg.o (__aeabi_dsub)
e:/software/gcc_2021.10/bin/../lib/gcc/arm-none-eabi/10.3.1/thumb/v7e-m/nofp\libgcc.a(_arm_muldivdf3.o)
                              ./objects/printf-stdarg.o (__aeabi_ddiv)
e:/software/gcc_2021.10/bin/../lib/gcc/arm-none-eabi/10.3.1/thumb/v7e-m/nofp\libgcc.a(_arm_cmpdf2.o)
                              ./objects/printf-stdarg.o (__aeabi_dcmpeq)
e:/software/gcc_2021.10/bin/../lib/gcc/arm-none-eabi/10.3.1/thumb/v7e-m/nofp\libgcc.a(_arm_fixdfsi.o)
                              ./objects/printf-stdarg.o (__aeabi_d2iz)
e:/software/gcc_2021.10/bin/../lib/gcc/arm-none-eabi/10.3.1/thumb/v7e-m/nofp\libgcc.a(_arm_fixunsdfsi.o)
                              ./objects/printf-stdarg.o (__aeabi_d2uiz)
e:/software/gcc_2021.10/bin/../lib/gcc/arm-none-eabi/10.3.1/thumb/v7e-m/nofp\libgcc.a(_aeabi_uldivmod.o)
                              ./objects/printf-stdarg.o (__aeabi_uldivmod)
e:/software/gcc_2021.10/bin/../lib/gcc/arm-none-eabi/10.3.1/thumb/v7e-m/nofp\libgcc.a(_udivmoddi4.o)
                              e:/software/gcc_2021.10/bin/../lib/gcc/arm-none-eabi/10.3.1/thumb/v7e-m/nofp\libgcc.a(_aeabi_uldivmod.o) (__udivmoddi4)
e:/software/gcc_2021.10/bin/../lib/gcc/arm-none-eabi/10.3.1/thumb/v7e-m/nofp\libgcc.a(_dvmd_tls.o)
                              e:/software/gcc_2021.10/bin/../lib/gcc/arm-none-eabi/10.3.1/thumb/v7e-m/nofp\libgcc.a(_aeabi_uldivmod.o) (__aeabi_ldiv0)
e:/software/gcc_2021.10/bin/../lib/gcc/arm-none-eabi/10.3.1/../../../../arm-none-eabi/lib/thumb/v7e-m/nofp\libc.a(lib_a-atoi.o)
                              ./objects/lora_at_cmd.o (atoi)
e:/software/gcc_2021.10/bin/../lib/gcc/arm-none-eabi/10.3.1/../../../../arm-none-eabi/lib/thumb/v7e-m/nofp\libc.a(lib_a-calloc.o)
                              ./objects/shine_mp3.o (calloc)
e:/software/gcc_2021.10/bin/../lib/gcc/arm-none-eabi/10.3.1/../../../../arm-none-eabi/lib/thumb/v7e-m/nofp\libc.a(lib_a-callocr.o)
                              e:/software/gcc_2021.10/bin/../lib/gcc/arm-none-eabi/10.3.1/../../../../arm-none-eabi/lib/thumb/v7e-m/nofp\libc.a(lib_a-calloc.o) (_calloc_r)
e:/software/gcc_2021.10/bin/../lib/gcc/arm-none-eabi/10.3.1/../../../../arm-none-eabi/lib/thumb/v7e-m/nofp\libc.a(lib_a-errno.o)
                              e:/software/gcc_2021.10/bin/../lib/gcc/arm-none-eabi/10.3.1/../../../../arm-none-eabi/lib/thumb/v7e-m/nofp\libc.a(lib_a-callocr.o) (__errno)
e:/software/gcc_2021.10/bin/../lib/gcc/arm-none-eabi/10.3.1/../../../../arm-none-eabi/lib/thumb/v7e-m/nofp\libc.a(lib_a-exit.o)
                              e:/software/gcc_2021.10/bin/../lib/gcc/arm-none-eabi/10.3.1/../../../../arm-none-eabi/lib/thumb/v7e-m/nofp/crt0.o (exit)
e:/software/gcc_2021.10/bin/../lib/gcc/arm-none-eabi/10.3.1/../../../../arm-none-eabi/lib/thumb/v7e-m/nofp\libc.a(lib_a-fprintf.o)
                              ./objects/tinymp3.o (fprintf)
e:/software/gcc_2021.10/bin/../lib/gcc/arm-none-eabi/10.3.1/../../../../arm-none-eabi/lib/thumb/v7e-m/nofp\libc.a(lib_a-impure.o)
                              e:/software/gcc_2021.10/bin/../lib/gcc/arm-none-eabi/10.3.1/../../../../arm-none-eabi/lib/thumb/v7e-m/nofp\libc.a(lib_a-exit.o) (_global_impure_ptr)
e:/software/gcc_2021.10/bin/../lib/gcc/arm-none-eabi/10.3.1/../../../../arm-none-eabi/lib/thumb/v7e-m/nofp\libc.a(lib_a-init.o)
                              e:/software/gcc_2021.10/bin/../lib/gcc/arm-none-eabi/10.3.1/../../../../arm-none-eabi/lib/thumb/v7e-m/nofp/crt0.o (__libc_init_array)
e:/software/gcc_2021.10/bin/../lib/gcc/arm-none-eabi/10.3.1/../../../../arm-none-eabi/lib/thumb/v7e-m/nofp\libc.a(lib_a-malloc.o)
                              ./objects/shine_mp3.o (malloc)
e:/software/gcc_2021.10/bin/../lib/gcc/arm-none-eabi/10.3.1/../../../../arm-none-eabi/lib/thumb/v7e-m/nofp\libc.a(lib_a-mallocr.o)
                              e:/software/gcc_2021.10/bin/../lib/gcc/arm-none-eabi/10.3.1/../../../../arm-none-eabi/lib/thumb/v7e-m/nofp\libc.a(lib_a-callocr.o) (_malloc_r)
e:/software/gcc_2021.10/bin/../lib/gcc/arm-none-eabi/10.3.1/../../../../arm-none-eabi/lib/thumb/v7e-m/nofp\libc.a(lib_a-memcpy.o)
                              ./objects/tremo_flash.o (memcpy)
e:/software/gcc_2021.10/bin/../lib/gcc/arm-none-eabi/10.3.1/../../../../arm-none-eabi/lib/thumb/v7e-m/nofp\libc.a(lib_a-memset.o)
                              e:/software/gcc_2021.10/bin/../lib/gcc/arm-none-eabi/10.3.1/../../../../arm-none-eabi/lib/thumb/v7e-m/nofp/crt0.o (memset)
e:/software/gcc_2021.10/bin/../lib/gcc/arm-none-eabi/10.3.1/../../../../arm-none-eabi/lib/thumb/v7e-m/nofp\libc.a(lib_a-mlock.o)
[...]
Memory Configuration

Name             Origin             Length             Attributes
FLASH            0x08000000         0x00040000         xr
RAM              0x20000000         0x00010000         xrw
*default*        0x00000000         0xffffffff

Linker script and memory map

LOAD e:/software/gcc_2021.10/bin/../lib/gcc/arm-none-eabi/10.3.1/thumb/v7e-m/nofp/crti.o
LOAD e:/software/gcc_2021.10/bin/../lib/gcc/arm-none-eabi/10.3.1/thumb/v7e-m/nofp/crtbegin.o
LOAD e:/software/gcc_2021.10/bin/../lib/gcc/arm-none-eabi/10.3.1/../../../../arm-none-eabi/lib/thumb/v7e-m/nofp/crt0.o
LOAD ./objects/startup_cm4.o
LOAD ./objects/system_cm4.o
LOAD ./objects/printf-stdarg.o
LOAD ./objects/tremo_adc.o
LOAD ./objects/tremo_bstimer.o
LOAD ./objects/tremo_crc.o
LOAD ./objects/tremo_dac.o
LOAD ./objects/tremo_delay.o
LOAD ./objects/tremo_dma.o
LOAD ./objects/tremo_flash.o
LOAD ./objects/tremo_gpio.o
LOAD ./objects/tremo_i2c.o
LOAD ./objects/tremo_i2s.o
LOAD ./objects/tremo_iwdg.o
LOAD ./objects/tremo_lcd.o
LOAD ./objects/tremo_lptimer.o
LOAD ./objects/tremo_lpuart.o
LOAD ./objects/tremo_pwr.o
LOAD ./objects/tremo_rcc.o
LOAD ./objects/tremo_spi.o
LOAD ./objects/tremo_system.o
LOAD ./objects/tremo_timer.o
LOAD ./objects/tremo_uart.o
LOAD ./objects/tremo_wdg.o
LOAD ./objects/main.o
LOAD ./objects/tremo_it.o
LOAD ./objects/lora_demo.o
LOAD ./objects/app.o
LOAD ./objects/bsp_src.o
LOAD ./objects/sx1262-board.o
LOAD ./objects/delay.o
LOAD ./objects/timer.o
LOAD ./objects/sx126x.o
LOAD ./objects/radio.o
LOAD ./objects/utilities.o
LOAD ./objects/lora_at_cmd.o
LOAD ./objects/lora_cmd_s.o
LOAD ./objects/lora_core.o
LOAD ./objects/lora_flash.o
LOAD ./objects/lora_function.o
LOAD ./objects/lora_user.o
LOAD ./objects/ymodem.o
LOAD ./objects/send_packet.o
LOAD ./objects/lora_cmd_m.o
LOAD ./objects/es8311.o
LOAD ./objects/shine_mp3.o
LOAD ./objects/tinymp3.o
LOAD ./objects/int2idx.o
LOAD ./objects/data_in.o
LOAD ./objects/mp3_data.o
START GROUP
LOAD e:/software/gcc_2021.10/bin/../lib/gcc/arm-none-eabi/10.3.1/thumb/v7e-m/nofp\libgcc.a
LOAD e:/software/gcc_2021.10/bin/../lib/gcc/arm-none-eabi/10.3.1/../../../../arm-none-eabi/lib/thumb/v7e-m/nofp\libc.a
END GROUP
LOAD e:/software/gcc_2021.10/bin/../lib/gcc/arm-none-eabi/10.3.1/thumb/v7e-m/nofp/crtend.o
LOAD e:/software/gcc_2021.10/bin/../lib/gcc/arm-none-eabi/10.3.1/thumb/v7e-m/nofp/crtn.o
                0x20010000                _estack = 0x20010000
                0x00000000                _HEAP_SIZE = 0x0
                0x00000800                _STACK_SIZE = 0x800

.isr_vector     0x08000000       0xd4
                0x08000000                . = ALIGN (0x4)
 *(.isr_vector)
 .isr_vector    0x08000000       0xd4 ./objects/startup_cm4.o
                0x08000000                g_pfnVectors
                0x080000d4                . = ALIGN (0x4)

.text           0x08000100    0x14424
                0x08000100                . = ALIGN (0x4)
 *(.text)
 .text          0x08000100       0x40 e:/software/gcc_2021.10/bin/../lib/gcc/arm-none-eabi/10.3.1/thumb/v7e-m/nofp/crtbegin.o
 .text          0x08000140      0x378 e:/software/gcc_2021.10/bin/../lib/gcc/arm-none-eabi/10.3.1/thumb/v7e-m/nofp\libgcc.a(_arm_addsubdf3.o)
                0x08000140                __aeabi_drsub
                0x08000148                __aeabi_dsub
                0x08000148                __subdf3
                0x0800014c                __aeabi_dadd
                0x0800014c                __adddf3
                0x080003c4                __floatunsidf
                0x080003c4                __aeabi_ui2d
                0x080003e4                __floatsidf
                0x080003e4                __aeabi_i2d
                0x08000408                __aeabi_f2d
                0x08000408                __extendsfdf2
                0x0800044c                __floatundidf
                0x0800044c                __aeabi_ul2d
                0x0800045c                __floatdidf
                0x0800045c                __aeabi_l2d
 .text          0x080004b8      0x424 e:/software/gcc_2021.10/bin/../lib/gcc/arm-none-eabi/10.3.1/thumb/v7e-m/nofp\libgcc.a(_arm_muldivdf3.o)
                0x080004b8                __aeabi_dmul
                0x080004b8                __muldf3
                0x0800070c                __divdf3
                0x0800070c                __aeabi_ddiv
 .text          0x080008dc      0x110 e:/software/gcc_2021.10/bin/../lib/gcc/arm-none-eabi/10.3.1/thumb/v7e-m/nofp\libgcc.a(_arm_cmpdf2.o)
                0x080008dc                __gtdf2
                0x080008dc                __gedf2
                0x080008e4                __ltdf2
                0x080008e4                __ledf2
                0x080008ec                __nedf2
                0x080008ec                __eqdf2
                0x080008ec                __cmpdf2
                0x08000968                __aeabi_cdrcmple
                0x08000978                __aeabi_cdcmpeq
                0x08000978                __aeabi_cdcmple
                0x08000988                __aeabi_dcmpeq
                0x0800099c                __aeabi_dcmplt
                0x080009b0                __aeabi_dcmple
                0x080009c4                __aeabi_dcmpge
                0x080009d8                __aeabi_dcmpgt
 .text          0x080009ec       0x50 e:/software/gcc_2021.10/bin/../lib/gcc/arm-none-eabi/10.3.1/thumb/v7e-m/nofp\libgcc.a(_arm_fixdfsi.o)
                0x080009ec                __aeabi_d2iz
                0x080009ec                __fixdfsi
 .text          0x08000a3c       0x40 e:/software/gcc_2021.10/bin/../lib/gcc/arm-none-eabi/10.3.1/thumb/v7e-m/nofp\libgcc.a(_arm_fixunsdfsi.o)
                0x08000a3c                __aeabi_d2uiz
                0x08000a3c                __fixunsdfsi
 .text          0x08000a7c       0x30 e:/software/gcc_2021.10/bin/../lib/gcc/arm-none-eabi/10.3.1/thumb/v7e-m/nofp\libgcc.a(_aeabi_uldivmod.o)
                0x08000a7c                __aeabi_uldivmod
 .text          0x08000aac      0x2d0 e:/software/gcc_2021.10/bin/../lib/gcc/arm-none-eabi/10.3.1/thumb/v7e-m/nofp\libgcc.a(_udivmoddi4.o)
                0x08000aac                __udivmoddi4
 .text          0x08000d7c        0x4 e:/software/gcc_2021.10/bin/../lib/gcc/arm-none-eabi/10.3.1/thumb/v7e-m/nofp\libgcc.a(_dvmd_tls.o)
                0x08000d7c                __aeabi_idiv0
                0x08000d7c                __aeabi_ldiv0
 .text          0x08000d80      0x134 e:/software/gcc_2021.10/bin/../lib/gcc/arm-none-eabi/10.3.1/../../../../arm-none-eabi/lib/thumb/v7e-m/nofp\libc.a(lib_a-memcpy.o)
                0x08000d80                memcpy
 *fill*         0x08000eb4        0xc 
 .text          0x08000ec0       0xdc e:/software/gcc_2021.10/bin/../lib/gcc/arm-none-eabi/10.3.1/../../../../arm-none-eabi/lib/thumb/v7e-m/nofp\libc.a(lib_a-strlen.o)
                0x08000ec0                strlen
 *fill*         0x08000f9c        0x4 
 .text          0x08000fa0       0xa0 e:/software/gcc_2021.10/bin/../lib/gcc/arm-none-eabi/10.3.1/../../../../arm-none-eabi/lib/thumb/v7e-m/nofp\libc.a(lib_a-memchr.o)
                0x08000fa0                memchr
 .text          0x08001040       0x2c e:/software/gcc_2021.10/bin/../lib/gcc/arm-none-eabi/10.3.1/thumb/v7e-m/nofp\libgcc.a(_arm_unorddf2.o)
                0x08001040                __unorddf2
                0x08001040                __aeabi_dcmpun
 *(.text*)
 .text.Reset_Handler
                0x0800106c       0x48 ./objects/startup_cm4.o
                0x0800106c                Reset_Handler
 .text.Default_Handler
                0x080010b4        0x2 ./objects/startup_cm4.o
                0x080010b4                SCC_IRQHandler
                0x080010b4                TIMER2_IRQHandler
                0x080010b4                EFC_IRQHandler
                0x080010b4                I2C0_IRQHandler
                0x080010b4                SAC_IRQHandler
                0x080010b4                I2C1_IRQHandler
                0x080010b4                UART1_IRQHandler
                0x080010b4                TIMER3_IRQHandler
                0x080010b4                UART0_IRQHandler
                0x080010b4                SEC_IRQHandler
                0x080010b4                WDG_IRQHandler
                0x080010b4                LPTIMER1_IRQHandler
                0x080010b4                SSP0_IRQHandler
                0x080010b4                I2C2_IRQHandler
                0x080010b4                RTC_IRQHandler
                0x080010b4                TIMER0_IRQHandler
                0x080010b4                LCD_IRQHandler
                0x080010b4                LPUART_IRQHandler
                0x080010b4                TIMER1_IRQHandler
                0x080010b4                UART2_IRQHandler
                0x080010b4                Default_Handler
                0x080010b4                ADC_IRQHandler
                0x080010b4                SSP1_IRQHandler
                0x080010b4                DMA0_IRQHandler
                0x080010b4                IWDG_IRQHandler
                0x080010b4                SSP2_IRQHandler
                0x080010b4                BSTIMER1_IRQHandler
                0x080010b4                DAC_IRQHandler
                0x080010b4                AFEC_IRQHandler
                0x080010b4                QSPI_IRQHandler
                0x080010b4                DMA1_IRQHandler
 *fill*         0x080010b6        0x2 
 .text.nvic_init
                0x080010b8       0x24 ./objects/system_cm4.o
                0x080010b8                nvic_init
 .text.system_init
                0x080010dc       0x44 ./objects/system_cm4.o
                0x080010dc                system_init
 .text._out_null
                0x08001120        0x2 ./objects/printf-stdarg.o
 .text._out_rev
                0x08001122       0x86 ./objects/printf-stdarg.o
 .text._ntoa_format
                0x080011a8      0x10a ./objects/printf-stdarg.o
 .text._ntoa_long
                0x080012b2       0x84 ./objects/printf-stdarg.o
 .text._ntoa_long_long
                0x08001336       0xb6 ./objects/printf-stdarg.o
 *fill*         0x080013ec        0x4 
 .text._etoa    0x080013f0      0x394 ./objects/printf-stdarg.o
 *fill*         0x08001784        0x4 
 .text._ftoa    0x08001788      0x358 ./objects/printf-stdarg.o
 .text._out_char
                0x08001ae0       0x10 ./objects/printf-stdarg.o
 .text._vsnprintf
                0x08001af0      0x548 ./objects/printf-stdarg.o
 .text.__wrap_printf
                0x08002038       0x28 ./objects/printf-stdarg.o
                0x08002038                __wrap_printf
 .text.read_write_adc_afec
                0x08002060       0x34 ./objects/tremo_adc.o
                0x08002060                read_write_adc_afec
 .text.adc_init
                0x08002094       0x18 ./objects/tremo_adc.o
                0x08002094                adc_init
 .text.adc_start
                0x080020ac       0x2c ./objects/tremo_adc.o
                0x080020ac                adc_start
 .text.adc_enable
                0x080020d8       0x28 ./objects/tremo_adc.o
                0x080020d8                adc_enable
 .text.adc_config_clock_division
                0x08002100       0x20 ./objects/tremo_adc.o
                0x08002100                adc_config_clock_division
 .text.adc_config_conv_mode
                0x08002120       0x18 ./objects/tremo_adc.o
                0x08002120                adc_config_conv_mode
 .text.adc_config_sample_sequence
                0x08002138       0x2c ./objects/tremo_adc.o
                0x08002138                adc_config_sample_sequence
 .text.adc_get_interrupt_status
                0x08002164       0x14 ./objects/tremo_adc.o
                0x08002164                adc_get_interrupt_status
 .text.adc_get_data
                0x08002178       0x10 ./objects/tremo_adc.o
                0x08002178                adc_get_data
 .text.adc_get_calibration_value
                0x08002188       0x70 ./objects/tremo_adc.o
                0x08002188                adc_get_calibration_value
 .text.bstimer_init
                0x080021f8       0x28 ./objects/tremo_bstimer.o
                0x080021f8                bstimer_init
 .text.bstimer_config_overflow_update
                0x08002220       0x12 ./objects/tremo_bstimer.o
                0x08002220                bstimer_config_overflow_update
 .text.bstimer_cmd
                0x08002232       0x12 ./objects/tremo_bstimer.o
                0x08002232                bstimer_cmd
 .text.bstimer_config_interrupt
                0x08002244       0x12 ./objects/tremo_bstimer.o
                0x08002244                bstimer_config_interrupt
 .text.bstimer_get_status
                0x08002256        0xe ./objects/tremo_bstimer.o
                0x08002256                bstimer_get_status
 .text.delay_init
                0x08002264       0x48 ./objects/tremo_delay.o
                0x08002264                delay_init
 .text.delay_us
                0x080022ac       0x30 ./objects/tremo_delay.o
                0x080022ac                delay_us
 .text.delay_ms
                0x080022dc        0xa ./objects/tremo_delay.o
                0x080022dc                delay_ms
 *fill*         0x080022e6        0x2 
 .text.flash_erase_page
                0x080022e8       0x64 ./objects/tremo_flash.o
                0x080022e8                flash_erase_page
 .text.flash_program_bytes
                0x0800234c       0xd0 ./objects/tremo_flash.o
                0x0800234c                flash_program_bytes
 .text.gpio_init
                0x0800241c      0x124 ./objects/tremo_gpio.o
                0x0800241c                gpio_init
 .text.gpio_write
                0x08002540       0xb4 ./objects/tremo_gpio.o
                0x08002540                gpio_write
 .text.gpio_read
                0x080025f4       0x12 ./objects/tremo_gpio.o
                0x080025f4                gpio_read
 .text.gpio_clear_interrupt
                0x08002606       0x10 ./objects/tremo_gpio.o
                0x08002606                gpio_clear_interrupt
 .text.gpio_config_interrupt
                0x08002616       0x20 ./objects/tremo_gpio.o
                0x08002616                gpio_config_interrupt
 .text.gpio_get_interrupt_status
                0x08002636       0x14 ./objects/tremo_gpio.o
                0x08002636                gpio_get_interrupt_status
 *fill*         0x0800264a        0x2 
 .text.gpio_config_stop3_wakeup
                0x0800264c       0x68 ./objects/tremo_gpio.o
                0x0800264c                gpio_config_stop3_wakeup
 .text.gpio_set_iomux
                0x080026b4       0x44 ./objects/tremo_gpio.o
                0x080026b4                gpio_set_iomux
 .text.i2s_init_struct
                0x080026f8        0xc ./objects/tremo_i2s.o
                0x080026f8                i2s_init_struct
 .text.i2s_config_interrupt
                0x08002704       0x10 ./objects/tremo_i2s.o
                0x08002704                i2s_config_interrupt
 .text.i2s_clear_interrupt
                0x08002714       0x10 ./objects/tremo_i2s.o
                0x08002714                i2s_clear_interrupt
 .text.i2s_get_interrupt_status
                0x08002724        0xc ./objects/tremo_i2s.o
                0x08002724                i2s_get_interrupt_status
 .text.i2s_tx_block_cmd
                0x08002730       0x10 ./objects/tremo_i2s.o
                0x08002730                i2s_tx_block_cmd
 .text.i2s_rx_block_cmd
                0x08002740       0x10 ./objects/tremo_i2s.o
                0x08002740                i2s_rx_block_cmd
 .text.i2s_init
                0x08002750       0x46 ./objects/tremo_i2s.o
                0x08002750                i2s_init
 *fill*         0x08002796        0x2 
 .text.i2s_deinit
                0x08002798       0x2c ./objects/tremo_i2s.o
                0x08002798                i2s_deinit
 .text.i2s_receive_data
                0x080027c4        0xa ./objects/tremo_i2s.o
                0x080027c4                i2s_receive_data
 .text.lptimer_init
                0x080027ce       0x72 ./objects/tremo_lptimer.o
                0x080027ce                lptimer_init
 .text.lptimer_config_wakeup
                0x08002840       0x16 ./objects/tremo_lptimer.o
                0x08002840                lptimer_config_wakeup
 .text.lptimer_cmd
                0x08002856       0x18 ./objects/tremo_lptimer.o
                0x08002856                lptimer_cmd
 .text.lptimer_config_count_mode
                0x0800286e       0x16 ./objects/tremo_lptimer.o
                0x0800286e                lptimer_config_count_mode
 .text.lptimer_config_interrupt
                0x08002884       0x10 ./objects/tremo_lptimer.o
                0x08002884                lptimer_config_interrupt
 .text.lptimer_clear_interrupt
                0x08002894        0x8 ./objects/tremo_lptimer.o
                0x08002894                lptimer_clear_interrupt
 .text.lptimer_set_arr_register
                0x0800289c        0xa ./objects/tremo_lptimer.o
                0x0800289c                lptimer_set_arr_register
 .text.lptimer_get_clear_status_flag
                0x080028a6        0xe ./objects/tremo_lptimer.o
                0x080028a6                lptimer_get_clear_status_flag
 .text.lptimer_get_interrupt_status
                0x080028b4        0xe ./objects/tremo_lptimer.o
                0x080028b4                lptimer_get_interrupt_status
 *fill*         0x080028c2        0x2 
 .text.deepsleep
                0x080028c4       0xc0 ./objects/tremo_pwr.o
                0x080028c4                deepsleep
 .text.pwr_deepsleep_wfi
                0x08002984        0x6 ./objects/tremo_pwr.o
                0x08002984                pwr_deepsleep_wfi
 *fill*         0x0800298a        0x2 
 .text.rcc_get_clk_freq
                0x0800298c       0x9c ./objects/tremo_rcc.o
                0x0800298c                rcc_get_clk_freq
 .text.rcc_set_sys_clk_source
                0x08002a28       0x10 ./objects/tremo_rcc.o
                0x08002a28                rcc_set_sys_clk_source
 .text.rcc_set_lptimer0_clk_source
                0x08002a38       0x3c ./objects/tremo_rcc.o
                0x08002a38                rcc_set_lptimer0_clk_source
 .text.rcc_set_i2s_clk_source
                0x08002a74       0x28 ./objects/tremo_rcc.o
                0x08002a74                rcc_set_i2s_clk_source
 .text.rcc_get_uart0_clk_source
                0x08002a9c        0xc ./objects/tremo_rcc.o
                0x08002a9c                rcc_get_uart0_clk_source
 .text.rcc_get_uart1_clk_source
                0x08002aa8        0xc ./objects/tremo_rcc.o
                0x08002aa8                rcc_get_uart1_clk_source
 .text.rcc_get_uart2_clk_source
                0x08002ab4        0xc ./objects/tremo_rcc.o
                0x08002ab4                rcc_get_uart2_clk_source
 .text.rcc_get_uart3_clk_source
                0x08002ac0        0xc ./objects/tremo_rcc.o
                0x08002ac0                rcc_get_uart3_clk_source
 .text.rcc_enable_peripheral_clk
                0x08002acc      0x4b4 ./objects/tremo_rcc.o
                0x08002acc                rcc_enable_peripheral_clk
 .text.rcc_enable_oscillator
                0x08002f80       0xfc ./objects/tremo_rcc.o
                0x08002f80                rcc_enable_oscillator
 .text.rcc_rst_peripheral
                0x0800307c       0x4a ./objects/tremo_rcc.o
                0x0800307c                rcc_rst_peripheral
 .text.rcc_set_i2s_mclk_div
                0x080030c6       0x12 ./objects/tremo_rcc.o
                0x080030c6                rcc_set_i2s_mclk_div
 .text.rcc_set_i2s_sclk_div
                0x080030d8       0x10 ./objects/tremo_rcc.o
                0x080030d8                rcc_set_i2s_sclk_div
 .text.system_reset
                0x080030e8       0x20 ./objects/tremo_system.o
                0x080030e8                system_reset
 .text.system_get_chip_id
                0x08003108       0x1c ./objects/tremo_system.o
                0x08003108                system_get_chip_id
 .text.uart_send_data
                0x08003124        0xa ./objects/tremo_uart.o
                0x08003124                uart_send_data
 .text.uart_config_interrupt
                0x0800312e       0x10 ./objects/tremo_uart.o
                0x0800312e                uart_config_interrupt
 .text.uart_config_init
                0x0800313e       0x18 ./objects/tremo_uart.o
                0x0800313e                uart_config_init
 .text.uart_cmd
                0x08003156       0x12 ./objects/tremo_uart.o
                0x08003156                uart_cmd
 .text.uart_get_interrupt_status
                0x08003168        0xc ./objects/tremo_uart.o
                0x08003168                uart_get_interrupt_status
 .text.uart_clear_interrupt
                0x08003174        0x4 ./objects/tremo_uart.o
                0x08003174                uart_clear_interrupt
 .text.uart_init
                0x08003178      0x140 ./objects/tremo_uart.o
                0x08003178                uart_init
 .text.wdg_start
                0x080032b8       0x30 ./objects/tremo_wdg.o
                0x080032b8                wdg_start
 .text.wdg_reload
                0x080032e8       0x20 ./objects/tremo_wdg.o
                0x080032e8                wdg_reload
 .text.board_init
                0x08003308       0x90 ./objects/main.o
                0x08003308                board_init
 .text.startup.main
                0x08003398       0xe8 ./objects/main.o
                0x08003398                main
 .text.NMI_Handler
                0x08003480        0x2 ./objects/tremo_it.o
                0x08003480                NMI_Handler
 .text.HardFault_Handler
                0x08003482        0x2 ./objects/tremo_it.o
                0x08003482                HardFault_Handler
 .text.MemManage_Handler
                0x08003484        0x2 ./objects/tremo_it.o
                0x08003484                MemManage_Handler
 .text.BusFault_Handler
                0x08003486        0x2 ./objects/tremo_it.o
                0x08003486                BusFault_Handler
 .text.UsageFault_Handler
                0x08003488        0x2 ./objects/tremo_it.o
                0x08003488                UsageFault_Handler
 .text.SVC_Handler
                0x0800348a        0x2 ./objects/tremo_it.o
                0x0800348a                SVC_Handler
 .text.PendSV_Handler
                0x0800348c        0x2 ./objects/tremo_it.o
                0x0800348c                PendSV_Handler
 .text.SysTick_Handler
                0x0800348e        0x2 ./objects/tremo_it.o
                0x0800348e                SysTick_Handler
 .text.PWR_IRQHandler
                0x08003490        0x2 ./objects/tremo_it.o
                0x08003490                PWR_IRQHandler
 .text.LORA_IRQHandler
                0x08003492        0x4 ./objects/tremo_it.o
                0x08003492                LORA_IRQHandler
 *fill*         0x08003496        0x2 
 .text.OnTxDone
                0x08003498       0x24 ./objects/lora_demo.o
                0x08003498                OnTxDone
 .text.OnTxTimeout
                0x080034bc       0x24 ./objects/lora_demo.o
                0x080034bc                OnTxTimeout
 .text.OnRxTimeout
                0x080034e0       0x24 ./objects/lora_demo.o
                0x080034e0                OnRxTimeout
 .text.OnRxError
                0x08003504       0x24 ./objects/lora_demo.o
                0x08003504                OnRxError
 .text.OnRxDone
                0x08003528       0x50 ./objects/lora_demo.o
                0x08003528                OnRxDone
 .text.lora_init
                0x08003578      0x138 ./objects/lora_demo.o
                0x08003578                lora_init
 .text.Lora_IRQ_Rrocess
                0x080036b0       0x38 ./objects/lora_demo.o
                0x080036b0                Lora_IRQ_Rrocess
 .text.Wait2TXEnd
                0x080036e8       0x50 ./objects/lora_demo.o
                0x080036e8                Wait2TXEnd
 .text.Decode_Start_32kbps
                0x08003738       0x8c ./objects/app.o
                0x08003738                Decode_Start_32kbps
 .text.System_Run
                0x080037c4      0x4cc ./objects/app.o
                0x080037c4                System_Run
 .text.i2s_master_init
                0x08003c90       0xd4 ./objects/bsp_src.o
                0x08003c90                i2s_master_init
 .text.i2s_rx_enable
                0x08003d64       0x44 ./objects/bsp_src.o
                0x08003d64                i2s_rx_enable
 .text.i2s_tx_enable
                0x08003da8       0x48 ./objects/bsp_src.o
                0x08003da8                i2s_tx_enable
 .text.i2s_Master_Deinit
                0x08003df0       0x1c ./objects/bsp_src.o
                0x08003df0                i2s_Master_Deinit
 .text.I2S_IRQHandler
                0x08003e0c      0x150 ./objects/bsp_src.o
                0x08003e0c                I2S_IRQHandler
 .text.i2c_start
                0x08003f5c       0x4c ./objects/bsp_src.o
                0x08003f5c                i2c_start
 .text.i2c_stop
                0x08003fa8       0x4c ./objects/bsp_src.o
                0x08003fa8                i2c_stop
 .text.i2c_wait_ack
                0x08003ff4       0x5c ./objects/bsp_src.o
                0x08003ff4                i2c_wait_ack
 .text.i2c_send_byte
                0x08004050       0x60 ./objects/bsp_src.o
                0x08004050                i2c_send_byte
 .text.i2c_write
                0x080040b0       0x42 ./objects/bsp_src.o
                0x080040b0                i2c_write
 *fill*         0x080040f2        0x2 
 .text.iic_init
                0x080040f4       0x20 ./objects/bsp_src.o
                0x080040f4                iic_init
 .text.BSTimer0_Init
                0x08004114       0x58 ./objects/bsp_src.o
                0x08004114                BSTimer0_Init
 .text.BSTIMER0_IRQHandler
                0x0800416c       0x3c ./objects/bsp_src.o
                0x0800416c                BSTIMER0_IRQHandler
 .text.millis   0x080041a8        0xc ./objects/bsp_src.o
                0x080041a8                millis
 .text.UART3_IRQHandler
                0x080041b4       0x5c ./objects/bsp_src.o
                0x080041b4                UART3_IRQHandler
 .text.uart_log_init
                0x08004210       0x70 ./objects/bsp_src.o
                0x08004210                uart_log_init
 .text.GPIO_IRQ_Init
                0x08004280       0x64 ./objects/bsp_src.o
                0x08004280                GPIO_IRQ_Init
 .text.GPIO_IRQHandler
                0x080042e4       0x44 ./objects/bsp_src.o
                0x080042e4                GPIO_IRQHandler
 .text.lptimer0_init
                0x08004328       0x9c ./objects/bsp_src.o
                0x08004328                lptimer0_init
 .text.LPTIMER0_IRQHandler
                0x080043c4       0x54 ./objects/bsp_src.o
                0x080043c4                LPTIMER0_IRQHandler
 .text.watch_dog_init
                0x08004418       0x30 ./objects/bsp_src.o
                0x08004418                watch_dog_init
 .text.ADC_Get_Result
                0x08004448      0x278 ./objects/bsp_src.o
                0x08004448                ADC_Get_Result
 .text.ADC_0_1_Init
                0x080046c0       0x58 ./objects/bsp_src.o
                0x080046c0                ADC_0_1_Init
 .text.io_deinit
                0x08004718       0xa0 ./objects/bsp_src.o
                0x08004718                io_deinit
 .text.BoardDisableIrq
                0x080047b8        0x4 ./objects/sx1262-board.o
                0x080047b8                BoardDisableIrq
 .text.BoardEnableIrq
                0x080047bc        0x4 ./objects/sx1262-board.o
                0x080047bc                BoardEnableIrq
 .text.SpiInOut
                0x080047c0       0x18 ./objects/sx1262-board.o
                0x080047c0                SpiInOut
 .text.SX126xLoracInit
                0x080047d8       0x5c ./objects/sx1262-board.o
                0x080047d8                SX126xLoracInit
 .text.SX126xGetBoardTcxoWakeupTime
                0x08004834        0x4 ./objects/sx1262-board.o
                0x08004834                SX126xGetBoardTcxoWakeupTime
 .text.SX126xReset
                0x08004838       0x54 ./objects/sx1262-board.o
                0x08004838                SX126xReset
 .text.SX126xWaitOnBusy
                0x0800488c       0x18 ./objects/sx1262-board.o
                0x0800488c                SX126xWaitOnBusy
 .text.SX126xWakeup
                0x080048a4       0x30 ./objects/sx1262-board.o
                0x080048a4                SX126xWakeup
 .text.SX126xWriteCommand
                0x080048d4       0x44 ./objects/sx1262-board.o
                0x080048d4                SX126xWriteCommand
 .text.SX126xReadCommand
                0x08004918       0x48 ./objects/sx1262-board.o
                0x08004918                SX126xReadCommand
 .text.SX126xWriteRegisters
                0x08004960       0x48 ./objects/sx1262-board.o
                0x08004960                SX126xWriteRegisters
 .text.SX126xWriteRegister
                0x080049a8       0x16 ./objects/sx1262-board.o
                0x080049a8                SX126xWriteRegister
 *fill*         0x080049be        0x2 
 .text.SX126xReadRegisters
                0x080049c0       0x50 ./objects/sx1262-board.o
                0x080049c0                SX126xReadRegisters
 .text.SX126xReadRegister
                0x08004a10       0x16 ./objects/sx1262-board.o
                0x08004a10                SX126xReadRegister
 *fill*         0x08004a26        0x2 
 .text.SX126xWriteBuffer
                0x08004a28       0x44 ./objects/sx1262-board.o
                0x08004a28                SX126xWriteBuffer
 .text.SX126xReadBuffer
                0x08004a6c       0x4c ./objects/sx1262-board.o
                0x08004a6c                SX126xReadBuffer
 .text.SX126xSetRfTxPower
                0x08004ab8        0x6 ./objects/sx1262-board.o
                0x08004ab8                SX126xSetRfTxPower
 .text.SX126xGetPaSelect
                0x08004abe        0x4 ./objects/sx1262-board.o
                0x08004abe                SX126xGetPaSelect
 *fill*         0x08004ac2        0x2 
 .text.SX126xAntSwOn
                0x08004ac4       0x10 ./objects/sx1262-board.o
                0x08004ac4                SX126xAntSwOn
 .text.SX126xAntSwOff
                0x08004ad4       0x10 ./objects/sx1262-board.o
                0x08004ad4                SX126xAntSwOff
 .text.DelayMs  0x08004ae4        0x4 ./objects/delay.o
                0x08004ae4                DelayMs
 .text.SX126xGetOperatingMode
                0x08004ae8        0xc ./objects/sx126x.o
                0x08004ae8                SX126xGetOperatingMode
 .text.SX126xSetOperatingMode
                0x08004af4        0xc ./objects/sx126x.o
                0x08004af4                SX126xSetOperatingMode
 .text.SX126xCheckDeviceReady
                0x08004b00       0x24 ./objects/sx126x.o
                0x08004b00                SX126xCheckDeviceReady
 .text.SX126xSetPayload
                0x08004b24        0xa ./objects/sx126x.o
                0x08004b24                SX126xSetPayload
 .text.SX126xSetSyncWord
                0x08004b2e       0x12 ./objects/sx126x.o
                0x08004b2e                SX126xSetSyncWord
 .text.SX126xSetCrcSeed
                0x08004b40       0x28 ./objects/sx126x.o
                0x08004b40                SX126xSetCrcSeed
 .text.SX126xSetCrcPolynomial
                0x08004b68       0x28 ./objects/sx126x.o
                0x08004b68                SX126xSetCrcPolynomial
 .text.SX126xSetWhiteningSeed
                0x08004b90       0x38 ./objects/sx126x.o
                0x08004b90                SX126xSetWhiteningSeed
 .text.SX126xSetSleep
                0x08004bc8       0x24 ./objects/sx126x.o
                0x08004bc8                SX126xSetSleep
 .text.SX126xSetStandby
                0x08004bec       0x2c ./objects/sx126x.o
                0x08004bec                SX126xSetStandby
 .text.SX126xSetTx
                0x08004c18       0x2c ./objects/sx126x.o
                0x08004c18                SX126xSetTx
 .text.SX126xSendPayload
                0x08004c44       0x12 ./objects/sx126x.o
                0x08004c44                SX126xSendPayload
 *fill*         0x08004c56        0x2 
 .text.SX126xSetRx
                0x08004c58       0x2c ./objects/sx126x.o
                0x08004c58                SX126xSetRx
 .text.SX126xSetRxBoosted
                0x08004c84       0x38 ./objects/sx126x.o
                0x08004c84                SX126xSetRxBoosted
 .text.SX126xSetRxDutyCycle
                0x08004cbc       0x3c ./objects/sx126x.o
                0x08004cbc                SX126xSetRxDutyCycle
 .text.SX126xSetCad
                0x08004cf8       0x18 ./objects/sx126x.o
                0x08004cf8                SX126xSetCad
 .text.SX126xSetTxContinuousWave
                0x08004d10        0xa ./objects/sx126x.o
                0x08004d10                SX126xSetTxContinuousWave
 .text.SX126xSetStopRxTimerOnPreambleDetect
                0x08004d1a       0x18 ./objects/sx126x.o
                0x08004d1a                SX126xSetStopRxTimerOnPreambleDetect
 .text.SX126xSetLoRaSymbNumTimeout
                0x08004d32       0x18 ./objects/sx126x.o
                0x08004d32                SX126xSetLoRaSymbNumTimeout
 .text.SX126xSetRegulatorMode
                0x08004d4a       0x18 ./objects/sx126x.o
                0x08004d4a                SX126xSetRegulatorMode
 *fill*         0x08004d62        0x2 
 .text.SX126xCalibrateImage
                0x08004d64       0x78 ./objects/sx126x.o
                0x08004d64                SX126xCalibrateImage
 .text.SX126xSetPaConfig
                0x08004ddc       0x24 ./objects/sx126x.o
                0x08004ddc                SX126xSetPaConfig
 .text.SX126xSetDioIrqParams
                0x08004e00       0x38 ./objects/sx126x.o
                0x08004e00                SX126xSetDioIrqParams
 .text.SX126xGetIrqStatus
                0x08004e38       0x1a ./objects/sx126x.o
                0x08004e38                SX126xGetIrqStatus
 .text.SX126xSetDio2AsRfSwitchCtrl
                0x08004e52       0x18 ./objects/sx126x.o
                0x08004e52                SX126xSetDio2AsRfSwitchCtrl
 *fill*         0x08004e6a        0x2 
 .text.SX126xInit
                0x08004e6c       0x28 ./objects/sx126x.o
                0x08004e6c                SX126xInit
 *fill*         0x08004e94        0x4 
 .text.SX126xSetRfFrequency
                0x08004e98       0x5c ./objects/sx126x.o
                0x08004e98                SX126xSetRfFrequency
 .text.SX126xSetPacketType
                0x08004ef4       0x20 ./objects/sx126x.o
                0x08004ef4                SX126xSetPacketType
 .text.SX126xGetPacketType
                0x08004f14        0xc ./objects/sx126x.o
                0x08004f14                SX126xGetPacketType
 .text.SX126xSetTxParams
                0x08004f20       0xbc ./objects/sx126x.o
                0x08004f20                SX126xSetTxParams
 *fill*         0x08004fdc        0x4 
 .text.SX126xSetModulationParams
                0x08004fe0       0xcc ./objects/sx126x.o
                0x08004fe0                SX126xSetModulationParams
 .text.SX126xSetPacketParams
                0x080050ac       0xcc ./objects/sx126x.o
                0x080050ac                SX126xSetPacketParams
 .text.SX126xSetCadParams
                0x08005178       0x3c ./objects/sx126x.o
                0x08005178                SX126xSetCadParams
 .text.SX126xSetBufferBaseAddress
                0x080051b4       0x1a ./objects/sx126x.o
                0x080051b4                SX126xSetBufferBaseAddress
 .text.SX126xGetRssiInst
                0x080051ce       0x1a ./objects/sx126x.o
                0x080051ce                SX126xGetRssiInst
 .text.SX126xGetRxBufferStatus
                0x080051e8       0x48 ./objects/sx126x.o
                0x080051e8                SX126xGetRxBufferStatus
 .text.SX126xGetPayload
                0x08005230       0x32 ./objects/sx126x.o
                0x08005230                SX126xGetPayload
 *fill*         0x08005262        0x2 
 .text.SX126xGetPacketStatus
                0x08005264       0x80 ./objects/sx126x.o
                0x08005264                SX126xGetPacketStatus
 .text.SX126xClearIrqStatus
                0x080052e4       0x1c ./objects/sx126x.o
                0x080052e4                SX126xClearIrqStatus
 .text.RadioIsChannelFree
                0x08005300        0x4 ./objects/radio.o
                0x08005300                RadioIsChannelFree
 .text.RadioCheckRfFrequency
                0x08005304        0x4 ./objects/radio.o
                0x08005304                RadioCheckRfFrequency
 .text.RadioStandby
                0x08005308        0x6 ./objects/radio.o
                0x08005308                RadioStandby
 *fill*         0x0800530e        0x2 
 .text.RadioInit
                0x08005310       0x3c ./objects/radio.o
                0x08005310                RadioInit
 .text.RadioGetStatus
                0x0800534c       0x18 ./objects/radio.o
                0x0800534c                RadioGetStatus
 .text.RadioSetChannel
                0x08005364        0x4 ./objects/radio.o
                0x08005364                RadioSetChannel
 .text.RadioRssi
                0x08005368        0xa ./objects/radio.o
                0x08005368                RadioRssi
 .text.RadioRead
                0x08005372        0x4 ./objects/radio.o
                0x08005372                RadioRead
 .text.RadioWrite
                0x08005376        0x4 ./objects/radio.o
                0x08005376                RadioWrite
 *fill*         0x0800537a        0x2 
 .text.RadioSend
                0x0800537c       0x40 ./objects/radio.o
                0x0800537c                RadioSend
 .text.RadioSleep
                0x080053bc       0x20 ./objects/radio.o
                0x080053bc                RadioSleep
 .text.RadioSetRxDutyCycle
                0x080053dc        0x4 ./objects/radio.o
                0x080053dc                RadioSetRxDutyCycle
 .text.RadioStartCad
                0x080053e0       0x58 ./objects/radio.o
                0x080053e0                RadioStartCad
 .text.RadioSetTxContinuousWave
                0x08005438       0x16 ./objects/radio.o
                0x08005438                RadioSetTxContinuousWave
 .text.RadioWriteBuffer
                0x0800544e        0x4 ./objects/radio.o
                0x0800544e                RadioWriteBuffer
 .text.RadioReadBuffer
                0x08005452        0x4 ./objects/radio.o
                0x08005452                RadioReadBuffer
 .text.RadioGetWakeupTime
                0x08005456        0xa ./objects/radio.o
                0x08005456                RadioGetWakeupTime
 .text.RadioGetFskBandwidthRegValue
                0x08005460       0x34 ./objects/radio.o
 .text.RadioRx  0x08005494       0x30 ./objects/radio.o
                0x08005494                RadioRx
 .text.RadioSetMaxPayloadLength
                0x080054c4       0x2c ./objects/radio.o
                0x080054c4                RadioSetMaxPayloadLength
 .text.RadioRxBoosted
                0x080054f0       0x2c ./objects/radio.o
                0x080054f0                RadioRxBoosted
 .text.RadioIrqProcess
                0x0800551c      0x144 ./objects/radio.o
                0x0800551c                RadioIrqProcess
 .text.RadioSetPublicNetwork
                0x08005660       0x40 ./objects/radio.o
                0x08005660                RadioSetPublicNetwork
 .text.RadioSetModem.part.0
                0x080056a0       0x28 ./objects/radio.o
 .text.RadioSetModem
                0x080056c8       0x24 ./objects/radio.o
                0x080056c8                RadioSetModem
 .text.RadioRandom
                0x080056ec       0x3c ./objects/radio.o
                0x080056ec                RadioRandom
 .text.RadioSymbTime
                0x08005728       0x2c ./objects/radio.o
                0x08005728                RadioSymbTime
 *fill*         0x08005754        0x4 
 .text.RadioSetRxConfig
                0x08005758      0x210 ./objects/radio.o
                0x08005758                RadioSetRxConfig
 .text.RadioSetTxConfig
                0x08005968      0x194 ./objects/radio.o
                0x08005968                RadioSetTxConfig
 *fill*         0x08005afc        0x4 
 .text.RadioTimeOnAir
                0x08005b00      0x190 ./objects/radio.o
                0x08005b00                RadioTimeOnAir
 .text.RadioOnDioIrq
                0x08005c90       0x20 ./objects/radio.o
                0x08005c90                RadioOnDioIrq
 .text.rand1    0x08005cb0       0x28 ./objects/utilities.o
                0x08005cb0                rand1
 .text.NVIC_SystemReset
                0x08005cd8       0x20 ./objects/lora_at_cmd.o
 .text.handleSleep
                0x08005cf8        0xc ./objects/lora_at_cmd.o
                0x08005cf8                handleSleep
 .text.handlePanid
                0x08005d04       0x38 ./objects/lora_at_cmd.o
                0x08005d04                handlePanid
 .text.handleNetopen
                0x08005d3c       0x24 ./objects/lora_at_cmd.o
                0x08005d3c                handleNetopen
 .text.handleNetclose
                0x08005d60       0x24 ./objects/lora_at_cmd.o
                0x08005d60                handleNetclose
 .text.handleConnect
                0x08005d84        0xc ./objects/lora_at_cmd.o
                0x08005d84                handleConnect
 .text.handleMaster
                0x08005d90       0x54 ./objects/lora_at_cmd.o
                0x08005d90                handleMaster
 .text.handleSlaver
                0x08005de4       0x54 ./objects/lora_at_cmd.o
                0x08005de4                handleSlaver
 .text.handleRst
                0x08005e38       0x1c ./objects/lora_at_cmd.o
                0x08005e38                handleRst
 .text.handleLeave
                0x08005e54       0x30 ./objects/lora_at_cmd.o
                0x08005e54                handleLeave
 .text.handleChannel
                0x08005e84       0x38 ./objects/lora_at_cmd.o
                0x08005e84                handleChannel
 .text.handleBw
                0x08005ebc       0x2c ./objects/lora_at_cmd.o
                0x08005ebc                handleBw
 .text.handleSf
                0x08005ee8       0x30 ./objects/lora_at_cmd.o
                0x08005ee8                handleSf
 .text.handleCR
                0x08005f18       0x2c ./objects/lora_at_cmd.o
                0x08005f18                handleCR
 .text.handleTxpower
                0x08005f44       0x2c ./objects/lora_at_cmd.o
                0x08005f44                handleTxpower
 .text.handleSaddr
                0x08005f70       0x40 ./objects/lora_at_cmd.o
                0x08005f70                handleSaddr
 .text.handleMinrssi
                0x08005fb0       0x2c ./objects/lora_at_cmd.o
                0x08005fb0                handleMinrssi
 .text.handlePrint
                0x08005fdc       0x9c ./objects/lora_at_cmd.o
                0x08005fdc                handlePrint
 .text.handleDelet
                0x08006078       0x50 ./objects/lora_at_cmd.o
                0x08006078                handleDelet
 .text.parseATCommand
                0x080060c8       0x58 ./objects/lora_at_cmd.o
                0x080060c8                parseATCommand
 .text.handleSend
                0x08006120       0x2c ./objects/lora_at_cmd.o
                0x08006120                handleSend
 .text.executeCommand
                0x0800614c       0x44 ./objects/lora_at_cmd.o
                0x0800614c                executeCommand
 .text.processATCommand
                0x08006190       0x30 ./objects/lora_at_cmd.o
                0x08006190                processATCommand
 .text.Cmd_Beacon
                0x080061c0       0x80 ./objects/lora_cmd_s.o
                0x080061c0                Cmd_Beacon
 .text.Cmd_DeviceAnnonce
                0x08006240       0x3c ./objects/lora_cmd_s.o
                0x08006240                Cmd_DeviceAnnonce
 .text.Cmd_Master_Request_Leave
                0x0800627c       0x34 ./objects/lora_cmd_s.o
                0x0800627c                Cmd_Master_Request_Leave
 .text.PCmd_BeaconRequest
                0x080062b0       0x2c ./objects/lora_cmd_s.o
                0x080062b0                PCmd_BeaconRequest
 .text.PCmd_Slaver_Request_Leave
                0x080062dc       0x48 ./objects/lora_cmd_s.o
                0x080062dc                PCmd_Slaver_Request_Leave
 .text.PCmd_HeartBeat
                0x08006324       0x30 ./objects/lora_cmd_s.o
                0x08006324                PCmd_HeartBeat
 .text.CusProfile_Send
                0x08006354       0xf0 ./objects/lora_core.o
                0x08006354                CusProfile_Send
 .text.CusProfile_Receive
                0x08006444      0x148 ./objects/lora_core.o
                0x08006444                CusProfile_Receive
 .text.Slaver_Period_1s
                0x0800658c       0xa8 ./objects/lora_core.o
                0x0800658c                Slaver_Period_1s
 .text.Master_Period_1s
                0x08006634       0x54 ./objects/lora_core.o
                0x08006634                Master_Period_1s
 .text.Lora_State_Data_Syn
                0x08006688      0x224 ./objects/lora_flash.o
                0x08006688                Lora_State_Data_Syn
 .text.Lora_State_Save
                0x080068ac       0xb0 ./objects/lora_flash.o
                0x080068ac                Lora_State_Save
 .text.Lora_AsData_Add
                0x0800695c       0x8c ./objects/lora_flash.o
                0x0800695c                Lora_AsData_Add
 .text.Lora_AsData_Del
                0x080069e8       0x3c ./objects/lora_flash.o
                0x080069e8                Lora_AsData_Del
 .text.Lora_AsData_Syn
                0x08006a24       0xb4 ./objects/lora_flash.o
                0x08006a24                Lora_AsData_Syn
 .text.Get_IDLE_ID
                0x08006ad8       0x18 ./objects/lora_function.o
                0x08006ad8                Get_IDLE_ID
 .text.Compare_ShortAddr
                0x08006af0       0x28 ./objects/lora_function.o
                0x08006af0                Compare_ShortAddr
 .text.Compare_MAC
                0x08006b18       0x58 ./objects/lora_function.o
                0x08006b18                Compare_MAC
 .text.XOR_Calculate
                0x08006b70       0x14 ./objects/lora_function.o
                0x08006b70                XOR_Calculate
 .text.Set_Sleeptime
                0x08006b84       0x14 ./objects/lora_function.o
                0x08006b84                Set_Sleeptime
 .text.Lora_ReceiveData2State
                0x08006b98       0x38 ./objects/lora_function.o
                0x08006b98                Lora_ReceiveData2State
 .text.ChipID_Syn
                0x08006bd0       0x50 ./objects/lora_user.o
                0x08006bd0                ChipID_Syn
 .text.Lora_StateInit
                0x08006c20       0x20 ./objects/lora_user.o
                0x08006c20                Lora_StateInit
 .text.Random_Delay
                0x08006c40       0x3c ./objects/lora_user.o
                0x08006c40                Random_Delay
 .text.Lora_Send_Data
                0x08006c7c       0x28 ./objects/lora_user.o
                0x08006c7c                Lora_Send_Data
 .text.Cmd_Lora_SP_Start
                0x08006ca4       0x40 ./objects/lora_user.o
                0x08006ca4                Cmd_Lora_SP_Start
 .text.Cmd_Lora_SP_Data
                0x08006ce4      0x120 ./objects/lora_user.o
                0x08006ce4                Cmd_Lora_SP_Data
 .text.Cmd_Lora_SP_ACK
                0x08006e04       0x6c ./objects/lora_user.o
                0x08006e04                Cmd_Lora_SP_ACK
 .text.Cmd_Lora_SP_End
                0x08006e70       0x14 ./objects/lora_user.o
                0x08006e70                Cmd_Lora_SP_End
 .text.PCmd_Lora_Call_Service
                0x08006e84       0x1a ./objects/lora_user.o
                0x08006e84                PCmd_Lora_Call_Service
 *fill*         0x08006e9e        0x2 
 .text.Cmd_Lora_Call_Service_ACK
                0x08006ea0       0x10 ./objects/lora_user.o
                0x08006ea0                Cmd_Lora_Call_Service_ACK
 .text.Cmd_Lora_Call_Service
                0x08006eb0       0x20 ./objects/lora_user.o
                0x08006eb0                Cmd_Lora_Call_Service
 .text.PCmd_Temperature_Bat
                0x08006ed0       0x38 ./objects/lora_user.o
                0x08006ed0                PCmd_Temperature_Bat
 .text.Lora_Sleep
                0x08006f08       0xf0 ./objects/lora_user.o
                0x08006f08                Lora_Sleep
 .text.UpdateCRC16
                0x08006ff8       0x20 ./objects/send_packet.o
 .text.YmodemCRC
                0x08007018       0x28 ./objects/send_packet.o
 .text.initialize_sender
                0x08007040       0x5c ./objects/send_packet.o
                0x08007040                initialize_sender
 .text.wait_for_acknowledgement
                0x0800709c       0x88 ./objects/send_packet.o
                0x0800709c                wait_for_acknowledgement
 .text.send_packet
                0x08007124       0x9c ./objects/send_packet.o
                0x08007124                send_packet
 .text.load_packet
                0x080071c0       0x54 ./objects/send_packet.o
                0x080071c0                load_packet
 .text.sender_timeout
                0x08007214       0x38 ./objects/send_packet.o
                0x08007214                sender_timeout
 .text.receiver_timeout
                0x0800724c      0x128 ./objects/send_packet.o
                0x0800724c                receiver_timeout
 .text.receive_packet
                0x08007374      0x128 ./objects/send_packet.o
                0x08007374                receive_packet
 .text.Cmd_BeaconRequest
                0x0800749c      0x118 ./objects/lora_cmd_m.o
                0x0800749c                Cmd_BeaconRequest
 .text.Cmd_SlaverInNet
                0x080075b4       0xac ./objects/lora_cmd_m.o
                0x080075b4                Cmd_SlaverInNet
 .text.I2CWRNBYTE_CODEC
                0x08007660       0x24 ./objects/es8311.o
                0x08007660                I2CWRNBYTE_CODEC
 .text.ES8311_Codec
                0x08007684      0x154 ./objects/es8311.o
                0x08007684                ES8311_Codec
 .text.ES8311_PowerDown
                0x080077d8       0x86 ./objects/es8311.o
                0x080077d8                ES8311_PowerDown
 .text.calc_runlen
                0x0800785e       0x58 ./objects/shine_mp3.o
 *fill*         0x080078b6        0x2 
 .text.count1_bitcount
                0x080078b8       0x74 ./objects/shine_mp3.o
 .text.subdivide
                0x0800792c       0x7c ./objects/shine_mp3.o
 .text.quantize
                0x080079a8       0xdc ./objects/shine_mp3.o
 .text.count_bit.part.0
                0x08007a84       0x8c ./objects/shine_mp3.o
 .text.count_bit
                0x08007b10       0x14 ./objects/shine_mp3.o
 .text.bigv_bitcount
                0x08007b24       0x3c ./objects/shine_mp3.o
 .text.new_choose_table
                0x08007b60      0x13c ./objects/shine_mp3.o
 .text.bigv_tab_select
                0x08007c9c       0x44 ./objects/shine_mp3.o
 .text.shine_mpeg_version
                0x08007ce0       0x12 ./objects/shine_mp3.o
                0x08007ce0                shine_mpeg_version
 *fill*         0x08007cf2        0x2 
 .text.shine_find_samplerate_index
                0x08007cf4       0x20 ./objects/shine_mp3.o
                0x08007cf4                shine_find_samplerate_index
 .text.shine_find_bitrate_index
                0x08007d14       0x24 ./objects/shine_mp3.o
                0x08007d14                shine_find_bitrate_index
 .text.shine_check_config
                0x08007d38       0x2c ./objects/shine_mp3.o
                0x08007d38                shine_check_config
 .text.shine_flush
                0x08007d64        0xc ./objects/shine_mp3.o
                0x08007d64                shine_flush
 .text.shine_open_bit_stream
                0x08007d70       0x1c ./objects/shine_mp3.o
                0x08007d70                shine_open_bit_stream
 .text.shine_putbits
                0x08007d8c       0x72 ./objects/shine_mp3.o
                0x08007d8c                shine_putbits
 .text.shine_get_bits_count
                0x08007dfe        0xc ./objects/shine_mp3.o
                0x08007dfe                shine_get_bits_count
 *fill*         0x08007e0a        0x2 
 .text.shine_format_bitstream
                0x08007e0c      0x5dc ./objects/shine_mp3.o
                0x08007e0c                shine_format_bitstream
 .text.shine_inner_loop
                0x080083e8       0x62 ./objects/shine_mp3.o
                0x080083e8                shine_inner_loop
 *fill*         0x0800844a        0x2 
 .text.shine_outer_loop
                0x0800844c      0x128 ./objects/shine_mp3.o
                0x0800844c                shine_outer_loop
 *fill*         0x08008574        0x4 
 .text.shine_loop_initialise
                0x08008578       0x88 ./objects/shine_mp3.o
                0x08008578                shine_loop_initialise
 .text.shine_mdct_initialise
                0x08008600       0xc0 ./objects/shine_mp3.o
                0x08008600                shine_mdct_initialise
 .text.shine_subband_initialise
                0x080086c0       0xe0 ./objects/shine_mp3.o
                0x080086c0                shine_subband_initialise
 .text.shine_initialise
                0x080087a0      0x160 ./objects/shine_mp3.o
                0x080087a0                shine_initialise
 .text.shine_window_filter_subband
                0x08008900      0x1f8 ./objects/shine_mp3.o
                0x08008900                shine_window_filter_subband
 .text.shine_mdct_sub
                0x08008af8      0x420 ./objects/shine_mp3.o
                0x08008af8                shine_mdct_sub
 .text.shine_max_reservoir_bits
                0x08008f18       0x98 ./objects/shine_mp3.o
                0x08008f18                shine_max_reservoir_bits
 .text.shine_ResvAdjust
                0x08008fb0       0x20 ./objects/shine_mp3.o
                0x08008fb0                shine_ResvAdjust
 .text.shine_ResvFrameEnd
                0x08008fd0       0x9c ./objects/shine_mp3.o
                0x08008fd0                shine_ResvFrameEnd
 *fill*         0x0800906c        0x4 
 .text.shine_iteration_loop
                0x08009070      0x394 ./objects/shine_mp3.o
                0x08009070                shine_iteration_loop
 .text.shine_encode_buffer_internal
                0x08009404       0x98 ./objects/shine_mp3.o
 .text.shine_encode_buffer_interleaved
                0x0800949c       0x14 ./objects/shine_mp3.o
                0x0800949c                shine_encode_buffer_interleaved
 .text.get_bits
                0x080094b0       0x5e ./objects/tinymp3.o
 .text.hdr_valid
                0x0800950e       0x36 ./objects/tinymp3.o
 .text.hdr_compare
                0x08009544       0x4a ./objects/tinymp3.o
 *fill*         0x0800958e        0x2 
 .text.hdr_bitrate_kbps
                0x08009590       0x28 ./objects/tinymp3.o
 .text.hdr_sample_rate_hz
                0x080095b8       0x28 ./objects/tinymp3.o
 .text.hdr_frame_samples
                0x080095e0       0x22 ./objects/tinymp3.o
 .text.hdr_frame_bytes
                0x08009602       0x40 ./objects/tinymp3.o
 *fill*         0x08009642        0x2 
 .text.L3_ldexp_q2
                0x08009644       0x40 ./objects/tinymp3.o
 .text.L3_midside_stereo
                0x08009684       0x26 ./objects/tinymp3.o
 *fill*         0x080096aa        0x2 
 .text.L3_dct3_9
                0x080096ac      0x13c ./objects/tinymp3.o
 .text.L3_imdct36
                0x080097e8      0x120 ./objects/tinymp3.o
 .text.mp3d_scale_pcm
                0x08009908       0x1c ./objects/tinymp3.o
 .text.mp3d_synth_pair
                0x08009924      0x188 ./objects/tinymp3.o
 .text.mp3d_synth_granule
                0x08009aac      0x778 ./objects/tinymp3.o
 .text.hdr_padding
                0x0800a224       0x1c ./objects/tinymp3.o
 .text.L3_imdct12
                0x0800a240       0xf0 ./objects/tinymp3.o
 .text.mp3dec_decode_frame
                0x0800a330     0x1524 ./objects/tinymp3.o
                0x0800a330                mp3dec_decode_frame
 .text.error    0x0800b854       0x20 ./objects/tinymp3.o
                0x0800b854                error
 .text.init_mp3_encoder
                0x0800b874       0x3c ./objects/tinymp3.o
                0x0800b874                init_mp3_encoder
 .text.encode_to_mp3
                0x0800b8b0       0x2c ./objects/tinymp3.o
                0x0800b8b0                encode_to_mp3
 .text.init_mp3_decoder
                0x0800b8dc       0x10 ./objects/tinymp3.o
                0x0800b8dc                init_mp3_decoder
 .text.decode_to_mp3_32kbps
                0x0800b8ec       0x20 ./objects/tinymp3.o
                0x0800b8ec                decode_to_mp3_32kbps
 .text.decode_to_mp3_8kbps
                0x0800b90c       0x20 ./objects/tinymp3.o
                0x0800b90c                decode_to_mp3_8kbps
 .text._exit    0x0800b92c        0x2 ./objects/tinymp3.o
                0x0800b92c                _exit
 *fill*         0x0800b92e        0x2 
 .text._sbrk    0x0800b930       0x1c ./objects/tinymp3.o
                0x0800b930                _sbrk
 .text._write   0x0800b94c        0x4 ./objects/tinymp3.o
                0x0800b94c                _write
 .text._close   0x0800b950        0x6 ./objects/tinymp3.o
                0x0800b950                _close
 .text._fstat   0x0800b956        0xa ./objects/tinymp3.o
                0x0800b956                _fstat
 .text._isatty  0x0800b960        0x4 ./objects/tinymp3.o
                0x0800b960                _isatty
 .text._lseek   0x0800b964        0x4 ./objects/tinymp3.o
                0x0800b964                _lseek
 .text._read    0x0800b968        0x4 ./objects/tinymp3.o
                0x0800b968                _read
 .text._kill    0x0800b96c        0x6 ./objects/tinymp3.o
                0x0800b96c                _kill
 .text._getpid  0x0800b972        0x4 ./objects/tinymp3.o
                0x0800b972                _getpid
 *fill*         0x0800b976        0x2 
 .text.atoi     0x0800b978        0x8 e:/software/gcc_2021.10/bin/../lib/gcc/arm-none-eabi/10.3.1/../../../../arm-none-eabi/lib/thumb/v7e-m/nofp\libc.a(lib_a-atoi.o)
                0x0800b978                atoi
 .text.calloc   0x0800b980       0x18 e:/software/gcc_2021.10/bin/../lib/gcc/arm-none-eabi/10.3.1/../../../../arm-none-eabi/lib/thumb/v7e-m/nofp\libc.a(lib_a-calloc.o)
                0x0800b980                calloc
 .text._calloc_r
                0x0800b998       0x78 e:/software/gcc_2021.10/bin/../lib/gcc/arm-none-eabi/10.3.1/../../../../arm-none-eabi/lib/thumb/v7e-m/nofp\libc.a(lib_a-callocr.o)
                0x0800b998                _calloc_r
 .text.__errno  0x0800ba10        0xc e:/software/gcc_2021.10/bin/../lib/gcc/arm-none-eabi/10.3.1/../../../../arm-none-eabi/lib/thumb/v7e-m/nofp\libc.a(lib_a-errno.o)
                0x0800ba10                __errno
 .text.exit     0x0800ba1c       0x20 e:/software/gcc_2021.10/bin/../lib/gcc/arm-none-eabi/10.3.1/../../../../arm-none-eabi/lib/thumb/v7e-m/nofp\libc.a(lib_a-exit.o)
                0x0800ba1c                exit
 .text.fprintf  0x0800ba3c       0x28 e:/software/gcc_2021.10/bin/../lib/gcc/arm-none-eabi/10.3.1/../../../../arm-none-eabi/lib/thumb/v7e-m/nofp\libc.a(lib_a-fprintf.o)
                0x0800ba3c                fprintf
 .text.__libc_init_array
                0x0800ba64       0x48 e:/software/gcc_2021.10/bin/../lib/gcc/arm-none-eabi/10.3.1/../../../../arm-none-eabi/lib/thumb/v7e-m/nofp\libc.a(lib_a-init.o)
                0x0800ba64                __libc_init_array
 .text.malloc   0x0800baac       0x10 e:/software/gcc_2021.10/bin/../lib/gcc/arm-none-eabi/10.3.1/../../../../arm-none-eabi/lib/thumb/v7e-m/nofp\libc.a(lib_a-malloc.o)
                0x0800baac                malloc
 .text._malloc_r
                0x0800babc      0x560 e:/software/gcc_2021.10/bin/../lib/gcc/arm-none-eabi/10.3.1/../../../../arm-none-eabi/lib/thumb/v7e-m/nofp\libc.a(lib_a-mallocr.o)
                0x0800babc                _malloc_r
 .text.memset   0x0800c01c       0xa4 e:/software/gcc_2021.10/bin/../lib/gcc/arm-none-eabi/10.3.1/../../../../arm-none-eabi/lib/thumb/v7e-m/nofp\libc.a(lib_a-memset.o)
                0x0800c01c                memset
 .text.__malloc_lock
                0x0800c0c0        0xc e:/software/gcc_2021.10/bin/../lib/gcc/arm-none-eabi/10.3.1/../../../../arm-none-eabi/lib/thumb/v7e-m/nofp\libc.a(lib_a-mlock.o)
                0x0800c0c0                __malloc_lock
 .text.__malloc_unlock
                0x0800c0cc        0xc e:/software/gcc_2021.10/bin/../lib/gcc/arm-none-eabi/10.3.1/../../../../arm-none-eabi/lib/thumb/v7e-m/nofp\libc.a(lib_a-mlock.o)
                0x0800c0cc                __malloc_unlock
 .text.realloc  0x0800c0d8       0x18 e:/software/gcc_2021.10/bin/../lib/gcc/arm-none-eabi/10.3.1/../../../../arm-none-eabi/lib/thumb/v7e-m/nofp\libc.a(lib_a-realloc.o)
                0x0800c0d8                realloc
 .text._realloc_r
                0x0800c0f0      0x3d8 e:/software/gcc_2021.10/bin/../lib/gcc/arm-none-eabi/10.3.1/../../../../arm-none-eabi/lib/thumb/v7e-m/nofp\libc.a(lib_a-reallocr.o)
                0x0800c0f0                _realloc_r
 .text.modf     0x0800c4c8       0xf0 e:/software/gcc_2021.10/bin/../lib/gcc/arm-none-eabi/10.3.1/../../../../arm-none-eabi/lib/thumb/v7e-m/nofp\libc.a(lib_a-s_modf.o)
                0x0800c4c8                modf
 .text._sbrk_r  0x0800c5b8       0x24 e:/software/gcc_2021.10/bin/../lib/gcc/arm-none-eabi/10.3.1/../../../../arm-none-eabi/lib/thumb/v7e-m/nofp\libc.a(lib_a-sbrkr.o)
                0x0800c5b8                _sbrk_r
 .text.strncmp  0x0800c5dc       0x80 e:/software/gcc_2021.10/bin/../lib/gcc/arm-none-eabi/10.3.1/../../../../arm-none-eabi/lib/thumb/v7e-m/nofp\libc.a(lib_a-strncmp.o)
                0x0800c5dc                strncmp
 .text._strtol_l.part.0
                0x0800c65c      0x120 e:/software/gcc_2021.10/bin/../lib/gcc/arm-none-eabi/10.3.1/../../../../arm-none-eabi/lib/thumb/v7e-m/nofp\libc.a(lib_a-strtol.o)
 .text.strtol   0x0800c77c       0x2c e:/software/gcc_2021.10/bin/../lib/gcc/arm-none-eabi/10.3.1/../../../../arm-none-eabi/lib/thumb/v7e-m/nofp\libc.a(lib_a-strtol.o)
                0x0800c77c                strtol
 .text._vfprintf_r
                0x0800c7a8     0x1ad4 e:/software/gcc_2021.10/bin/../lib/gcc/arm-none-eabi/10.3.1/../../../../arm-none-eabi/lib/thumb/v7e-m/nofp\libc.a(lib_a-vfprintf.o)
                0x0800c7a8                _vfprintf_r
 .text.__sbprintf
                0x0800e27c       0x80 e:/software/gcc_2021.10/bin/../lib/gcc/arm-none-eabi/10.3.1/../../../../arm-none-eabi/lib/thumb/v7e-m/nofp\libc.a(lib_a-vfprintf.o)
 .text.__swsetup_r
                0x0800e2fc       0xd4 e:/software/gcc_2021.10/bin/../lib/gcc/arm-none-eabi/10.3.1/../../../../arm-none-eabi/lib/thumb/v7e-m/nofp\libc.a(lib_a-wsetup.o)
                0x0800e2fc                __swsetup_r
 .text.startup.register_fini
                0x0800e3d0       0x14 e:/software/gcc_2021.10/bin/../lib/gcc/arm-none-eabi/10.3.1/../../../../arm-none-eabi/lib/thumb/v7e-m/nofp\libc.a(lib_a-__call_atexit.o)
 .text.__call_exitprocs
                0x0800e3e4       0xc4 e:/software/gcc_2021.10/bin/../lib/gcc/arm-none-eabi/10.3.1/../../../../arm-none-eabi/lib/thumb/v7e-m/nofp\libc.a(lib_a-__call_atexit.o)
                0x0800e3e4                __call_exitprocs
 .text.atexit   0x0800e4a8        0xc e:/software/gcc_2021.10/bin/../lib/gcc/arm-none-eabi/10.3.1/../../../../arm-none-eabi/lib/thumb/v7e-m/nofp\libc.a(lib_a-atexit.o)
                0x0800e4a8                atexit
 .text.quorem   0x0800e4b4      0x124 e:/software/gcc_2021.10/bin/../lib/gcc/arm-none-eabi/10.3.1/../../../../arm-none-eabi/lib/thumb/v7e-m/nofp\libc.a(lib_a-dtoa.o)
 .text._dtoa_r  0x0800e5d8      0xec4 e:/software/gcc_2021.10/bin/../lib/gcc/arm-none-eabi/10.3.1/../../../../arm-none-eabi/lib/thumb/v7e-m/nofp\libc.a(lib_a-dtoa.o)
                0x0800e5d8                _dtoa_r
 .text.__sflush_r
                0x0800f49c      0x120 e:/software/gcc_2021.10/bin/../lib/gcc/arm-none-eabi/10.3.1/../../../../arm-none-eabi/lib/thumb/v7e-m/nofp\libc.a(lib_a-fflush.o)
                0x0800f49c                __sflush_r
 .text._fflush_r
                0x0800f5bc       0x5c e:/software/gcc_2021.10/bin/../lib/gcc/arm-none-eabi/10.3.1/../../../../arm-none-eabi/lib/thumb/v7e-m/nofp\libc.a(lib_a-fflush.o)
                0x0800f5bc                _fflush_r
 .text._cleanup_r
                0x0800f618        0xc e:/software/gcc_2021.10/bin/../lib/gcc/arm-none-eabi/10.3.1/../../../../arm-none-eabi/lib/thumb/v7e-m/nofp\libc.a(lib_a-findfp.o)
                0x0800f618                _cleanup_r
 .text.__sinit  0x0800f624      0x10c e:/software/gcc_2021.10/bin/../lib/gcc/arm-none-eabi/10.3.1/../../../../arm-none-eabi/lib/thumb/v7e-m/nofp\libc.a(lib_a-findfp.o)
                0x0800f624                __sinit
 .text.__sfp_lock_acquire
                0x0800f730        0xc e:/software/gcc_2021.10/bin/../lib/gcc/arm-none-eabi/10.3.1/../../../../arm-none-eabi/lib/thumb/v7e-m/nofp\libc.a(lib_a-findfp.o)
                0x0800f730                __sfp_lock_acquire
 .text.__sfp_lock_release
                0x0800f73c        0xc e:/software/gcc_2021.10/bin/../lib/gcc/arm-none-eabi/10.3.1/../../../../arm-none-eabi/lib/thumb/v7e-m/nofp\libc.a(lib_a-findfp.o)
                0x0800f73c                __sfp_lock_release
 .text.__libc_fini_array
                0x0800f748       0x2c e:/software/gcc_2021.10/bin/../lib/gcc/arm-none-eabi/10.3.1/../../../../arm-none-eabi/lib/thumb/v7e-m/nofp\libc.a(lib_a-fini.o)
                0x0800f748                __libc_fini_array
 .text._malloc_trim_r
                0x0800f774       0xa0 e:/software/gcc_2021.10/bin/../lib/gcc/arm-none-eabi/10.3.1/../../../../arm-none-eabi/lib/thumb/v7e-m/nofp\libc.a(lib_a-freer.o)
                0x0800f774                _malloc_trim_r
 .text._free_r  0x0800f814      0x20c e:/software/gcc_2021.10/bin/../lib/gcc/arm-none-eabi/10.3.1/../../../../arm-none-eabi/lib/thumb/v7e-m/nofp\libc.a(lib_a-freer.o)
                0x0800f814                _free_r
 .text._fwalk_reent
                0x0800fa20       0x48 e:/software/gcc_2021.10/bin/../lib/gcc/arm-none-eabi/10.3.1/../../../../arm-none-eabi/lib/thumb/v7e-m/nofp\libc.a(lib_a-fwalk.o)
                0x0800fa20                _fwalk_reent
 .text._localeconv_r
                0x0800fa68        0x8 e:/software/gcc_2021.10/bin/../lib/gcc/arm-none-eabi/10.3.1/../../../../arm-none-eabi/lib/thumb/v7e-m/nofp\libc.a(lib_a-localeconv.o)
                0x0800fa68                _localeconv_r
 .text.__retarget_lock_init_recursive
                0x0800fa70        0x4 e:/software/gcc_2021.10/bin/../lib/gcc/arm-none-eabi/10.3.1/../../../../arm-none-eabi/lib/thumb/v7e-m/nofp\libc.a(lib_a-lock.o)
                0x0800fa70                __retarget_lock_init_recursive
 .text.__retarget_lock_close_recursive
                0x0800fa74        0x4 e:/software/gcc_2021.10/bin/../lib/gcc/arm-none-eabi/10.3.1/../../../../arm-none-eabi/lib/thumb/v7e-m/nofp\libc.a(lib_a-lock.o)
                0x0800fa74                __retarget_lock_close_recursive
 .text.__retarget_lock_acquire_recursive
                0x0800fa78        0x4 e:/software/gcc_2021.10/bin/../lib/gcc/arm-none-eabi/10.3.1/../../../../arm-none-eabi/lib/thumb/v7e-m/nofp\libc.a(lib_a-lock.o)
                0x0800fa78                __retarget_lock_acquire_recursive
 .text.__retarget_lock_release_recursive
                0x0800fa7c        0x4 e:/software/gcc_2021.10/bin/../lib/gcc/arm-none-eabi/10.3.1/../../../../arm-none-eabi/lib/thumb/v7e-m/nofp\libc.a(lib_a-lock.o)
                0x0800fa7c                __retarget_lock_release_recursive
 .text.__smakebuf_r
                0x0800fa80       0xe0 e:/software/gcc_2021.10/bin/../lib/gcc/arm-none-eabi/10.3.1/../../../../arm-none-eabi/lib/thumb/v7e-m/nofp\libc.a(lib_a-makebuf.o)
                0x0800fa80                __smakebuf_r
 .text.memmove  0x0800fb60       0xf8 e:/software/gcc_2021.10/bin/../lib/gcc/arm-none-eabi/10.3.1/../../../../arm-none-eabi/lib/thumb/v7e-m/nofp\libc.a(lib_a-memmove.o)
                0x0800fb60                memmove
 .text._Balloc  0x0800fc58       0x4c e:/software/gcc_2021.10/bin/../lib/gcc/arm-none-eabi/10.3.1/../../../../arm-none-eabi/lib/thumb/v7e-m/nofp\libc.a(lib_a-mprec.o)
                0x0800fc58                _Balloc
 .text._Bfree   0x0800fca4       0x14 e:/software/gcc_2021.10/bin/../lib/gcc/arm-none-eabi/10.3.1/../../../../arm-none-eabi/lib/thumb/v7e-m/nofp\libc.a(lib_a-mprec.o)
                0x0800fca4                _Bfree
 .text.__multadd
                0x0800fcb8       0xa0 e:/software/gcc_2021.10/bin/../lib/gcc/arm-none-eabi/10.3.1/../../../../arm-none-eabi/lib/thumb/v7e-m/nofp\libc.a(lib_a-mprec.o)
                0x0800fcb8                __multadd
 .text.__hi0bits
                0x0800fd58       0x40 e:/software/gcc_2021.10/bin/../lib/gcc/arm-none-eabi/10.3.1/../../../../arm-none-eabi/lib/thumb/v7e-m/nofp\libc.a(lib_a-mprec.o)
                0x0800fd58                __hi0bits
 .text.__lo0bits
                0x0800fd98       0x5c e:/software/gcc_2021.10/bin/../lib/gcc/arm-none-eabi/10.3.1/../../../../arm-none-eabi/lib/thumb/v7e-m/nofp\libc.a(lib_a-mprec.o)
                0x0800fd98                __lo0bits
 .text.__i2b    0x0800fdf4       0x5c e:/software/gcc_2021.10/bin/../lib/gcc/arm-none-eabi/10.3.1/../../../../arm-none-eabi/lib/thumb/v7e-m/nofp\libc.a(lib_a-mprec.o)
                0x0800fdf4                __i2b
 .text.__multiply
                0x0800fe50      0x15c e:/software/gcc_2021.10/bin/../lib/gcc/arm-none-eabi/10.3.1/../../../../arm-none-eabi/lib/thumb/v7e-m/nofp\libc.a(lib_a-mprec.o)
                0x0800fe50                __multiply
 .text.__pow5mult
                0x0800ffac       0xc0 e:/software/gcc_2021.10/bin/../lib/gcc/arm-none-eabi/10.3.1/../../../../arm-none-eabi/lib/thumb/v7e-m/nofp\libc.a(lib_a-mprec.o)
                0x0800ffac                __pow5mult
 .text.__lshift
                0x0801006c       0xf0 e:/software/gcc_2021.10/bin/../lib/gcc/arm-none-eabi/10.3.1/../../../../arm-none-eabi/lib/thumb/v7e-m/nofp\libc.a(lib_a-mprec.o)
                0x0801006c                __lshift
 .text.__mcmp   0x0801015c       0x40 e:/software/gcc_2021.10/bin/../lib/gcc/arm-none-eabi/10.3.1/../../../../arm-none-eabi/lib/thumb/v7e-m/nofp\libc.a(lib_a-mprec.o)
                0x0801015c                __mcmp
 .text.__mdiff  0x0801019c      0x14c e:/software/gcc_2021.10/bin/../lib/gcc/arm-none-eabi/10.3.1/../../../../arm-none-eabi/lib/thumb/v7e-m/nofp\libc.a(lib_a-mprec.o)
                0x0801019c                __mdiff
 .text.__d2b    0x080102e8       0xc4 e:/software/gcc_2021.10/bin/../lib/gcc/arm-none-eabi/10.3.1/../../../../arm-none-eabi/lib/thumb/v7e-m/nofp\libc.a(lib_a-mprec.o)
                0x080102e8                __d2b
 .text.__fpclassifyd
                0x080103ac       0x50 e:/software/gcc_2021.10/bin/../lib/gcc/arm-none-eabi/10.3.1/../../../../arm-none-eabi/lib/thumb/v7e-m/nofp\libc.a(lib_a-s_fpclassify.o)
                0x080103ac                __fpclassifyd
 .text.frexp    0x080103fc       0x70 e:/software/gcc_2021.10/bin/../lib/gcc/arm-none-eabi/10.3.1/../../../../arm-none-eabi/lib/thumb/v7e-m/nofp\libc.a(lib_a-s_frexp.o)
                0x080103fc                frexp
 .text.__sread  0x0801046c       0x24 e:/software/gcc_2021.10/bin/../lib/gcc/arm-none-eabi/10.3.1/../../../../arm-none-eabi/lib/thumb/v7e-m/nofp\libc.a(lib_a-stdio.o)
                0x0801046c                __sread
 .text.__swrite
                0x08010490       0x40 e:/software/gcc_2021.10/bin/../lib/gcc/arm-none-eabi/10.3.1/../../../../arm-none-eabi/lib/thumb/v7e-m/nofp\libc.a(lib_a-stdio.o)
                0x08010490                __swrite
 .text.__sseek  0x080104d0       0x20 e:/software/gcc_2021.10/bin/../lib/gcc/arm-none-eabi/10.3.1/../../../../arm-none-eabi/lib/thumb/v7e-m/nofp\libc.a(lib_a-stdio.o)
                0x080104d0                __sseek
 .text.__sclose
                0x080104f0        0x8 e:/software/gcc_2021.10/bin/../lib/gcc/arm-none-eabi/10.3.1/../../../../arm-none-eabi/lib/thumb/v7e-m/nofp\libc.a(lib_a-stdio.o)
                0x080104f0                __sclose
 .text.strncpy  0x080104f8       0x64 e:/software/gcc_2021.10/bin/../lib/gcc/arm-none-eabi/10.3.1/../../../../arm-none-eabi/lib/thumb/v7e-m/nofp\libc.a(lib_a-strncpy.o)
                0x080104f8                strncpy
 .text.__sprint_r.part.0
                0x0801055c       0x78 e:/software/gcc_2021.10/bin/../lib/gcc/arm-none-eabi/10.3.1/../../../../arm-none-eabi/lib/thumb/v7e-m/nofp\libc.a(lib_a-vfiprintf.o)
 .text.__sprint_r
                0x080105d4       0x14 e:/software/gcc_2021.10/bin/../lib/gcc/arm-none-eabi/10.3.1/../../../../arm-none-eabi/lib/thumb/v7e-m/nofp\libc.a(lib_a-vfiprintf.o)
                0x080105d4                __sprint_r
 .text._vfiprintf_r
                0x080105e8      0xda0 e:/software/gcc_2021.10/bin/../lib/gcc/arm-none-eabi/10.3.1/../../../../arm-none-eabi/lib/thumb/v7e-m/nofp\libc.a(lib_a-vfiprintf.o)
                0x080105e8                _vfiprintf_r
 .text.__sbprintf
                0x08011388       0x80 e:/software/gcc_2021.10/bin/../lib/gcc/arm-none-eabi/10.3.1/../../../../arm-none-eabi/lib/thumb/v7e-m/nofp\libc.a(lib_a-vfiprintf.o)
 .text._write_r
                0x08011408       0x2c e:/software/gcc_2021.10/bin/../lib/gcc/arm-none-eabi/10.3.1/../../../../arm-none-eabi/lib/thumb/v7e-m/nofp\libc.a(lib_a-writer.o)
                0x08011408                _write_r
 .text.__register_exitproc
                0x08011434       0x8c e:/software/gcc_2021.10/bin/../lib/gcc/arm-none-eabi/10.3.1/../../../../arm-none-eabi/lib/thumb/v7e-m/nofp\libc.a(lib_a-__atexit.o)
                0x08011434                __register_exitproc
 .text.__assert_func
                0x080114c0       0x40 e:/software/gcc_2021.10/bin/../lib/gcc/arm-none-eabi/10.3.1/../../../../arm-none-eabi/lib/thumb/v7e-m/nofp\libc.a(lib_a-assert.o)
                0x080114c0                __assert_func
 .text._close_r
                0x08011500       0x24 e:/software/gcc_2021.10/bin/../lib/gcc/arm-none-eabi/10.3.1/../../../../arm-none-eabi/lib/thumb/v7e-m/nofp\libc.a(lib_a-closer.o)
                0x08011500                _close_r
 .text._fclose_r
                0x08011524       0xcc e:/software/gcc_2021.10/bin/../lib/gcc/arm-none-eabi/10.3.1/../../../../arm-none-eabi/lib/thumb/v7e-m/nofp\libc.a(lib_a-fclose.o)
                0x08011524                _fclose_r
 .text.fiprintf
                0x080115f0       0x28 e:/software/gcc_2021.10/bin/../lib/gcc/arm-none-eabi/10.3.1/../../../../arm-none-eabi/lib/thumb/v7e-m/nofp\libc.a(lib_a-fiprintf.o)
                0x080115f0                fiprintf
 .text.__fputwc
                0x08011618       0xa8 e:/software/gcc_2021.10/bin/../lib/gcc/arm-none-eabi/10.3.1/../../../../arm-none-eabi/lib/thumb/v7e-m/nofp\libc.a(lib_a-fputwc.o)
                0x08011618                __fputwc
 .text._fputwc_r
                0x080116c0       0x68 e:/software/gcc_2021.10/bin/../lib/gcc/arm-none-eabi/10.3.1/../../../../arm-none-eabi/lib/thumb/v7e-m/nofp\libc.a(lib_a-fputwc.o)
                0x080116c0                _fputwc_r
 .text._fstat_r
                0x08011728       0x2c e:/software/gcc_2021.10/bin/../lib/gcc/arm-none-eabi/10.3.1/../../../../arm-none-eabi/lib/thumb/v7e-m/nofp\libc.a(lib_a-fstatr.o)
                0x08011728                _fstat_r
 .text.__sfvwrite_r
                0x08011754      0x2e8 e:/software/gcc_2021.10/bin/../lib/gcc/arm-none-eabi/10.3.1/../../../../arm-none-eabi/lib/thumb/v7e-m/nofp\libc.a(lib_a-fvwrite.o)
                0x08011754                __sfvwrite_r
 .text._isatty_r
                0x08011a3c       0x24 e:/software/gcc_2021.10/bin/../lib/gcc/arm-none-eabi/10.3.1/../../../../arm-none-eabi/lib/thumb/v7e-m/nofp\libc.a(lib_a-isattyr.o)
                0x08011a3c                _isatty_r
 .text.__locale_mb_cur_max
                0x08011a60        0xc e:/software/gcc_2021.10/bin/../lib/gcc/arm-none-eabi/10.3.1/../../../../arm-none-eabi/lib/thumb/v7e-m/nofp\libc.a(lib_a-locale.o)
                0x08011a60                __locale_mb_cur_max
 .text._lseek_r
                0x08011a6c       0x2c e:/software/gcc_2021.10/bin/../lib/gcc/arm-none-eabi/10.3.1/../../../../arm-none-eabi/lib/thumb/v7e-m/nofp\libc.a(lib_a-lseekr.o)
                0x08011a6c                _lseek_r
 .text.__ascii_mbtowc
                0x08011a98       0x2c e:/software/gcc_2021.10/bin/../lib/gcc/arm-none-eabi/10.3.1/../../../../arm-none-eabi/lib/thumb/v7e-m/nofp\libc.a(lib_a-mbtowc_r.o)
                0x08011a98                __ascii_mbtowc
 .text._read_r  0x08011ac4       0x2c e:/software/gcc_2021.10/bin/../lib/gcc/arm-none-eabi/10.3.1/../../../../arm-none-eabi/lib/thumb/v7e-m/nofp\libc.a(lib_a-readr.o)
                0x08011ac4                _read_r
 .text.__swbuf_r
                0x08011af0       0xb0 e:/software/gcc_2021.10/bin/../lib/gcc/arm-none-eabi/10.3.1/../../../../arm-none-eabi/lib/thumb/v7e-m/nofp\libc.a(lib_a-wbuf.o)
                0x08011af0                __swbuf_r
 .text._wcrtomb_r
                0x08011ba0       0x3c e:/software/gcc_2021.10/bin/../lib/gcc/arm-none-eabi/10.3.1/../../../../arm-none-eabi/lib/thumb/v7e-m/nofp\libc.a(lib_a-wcrtomb.o)
                0x08011ba0                _wcrtomb_r
 .text.__ascii_wctomb
                0x08011bdc       0x1c e:/software/gcc_2021.10/bin/../lib/gcc/arm-none-eabi/10.3.1/../../../../arm-none-eabi/lib/thumb/v7e-m/nofp\libc.a(lib_a-wctomb_r.o)
                0x08011bdc                __ascii_wctomb
 .text.abort    0x08011bf8       0x10 e:/software/gcc_2021.10/bin/../lib/gcc/arm-none-eabi/10.3.1/../../../../arm-none-eabi/lib/thumb/v7e-m/nofp\libc.a(lib_a-abort.o)
                0x08011bf8                abort
 .text.raise    0x08011c08       0x5c e:/software/gcc_2021.10/bin/../lib/gcc/arm-none-eabi/10.3.1/../../../../arm-none-eabi/lib/thumb/v7e-m/nofp\libc.a(lib_a-signal.o)
                0x08011c08                raise
 .text._kill_r  0x08011c64       0x2c e:/software/gcc_2021.10/bin/../lib/gcc/arm-none-eabi/10.3.1/../../../../arm-none-eabi/lib/thumb/v7e-m/nofp\libc.a(lib_a-signalr.o)
                0x08011c64                _kill_r
 .text._getpid_r
                0x08011c90        0x4 e:/software/gcc_2021.10/bin/../lib/gcc/arm-none-eabi/10.3.1/../../../../arm-none-eabi/lib/thumb/v7e-m/nofp\libc.a(lib_a-signalr.o)
                0x08011c90                _getpid_r
 *fill*         0x08011c94        0x4 
 .text.ceil     0x08011c98       0xf8 e:/software/gcc_2021.10/bin/../lib/gcc/arm-none-eabi/10.3.1/../../../../arm-none-eabi/lib/thumb/v7e-m/nofp\libm.a(lib_a-s_ceil.o)
                0x08011c98                ceil
 .text.cos      0x08011d90       0xa0 e:/software/gcc_2021.10/bin/../lib/gcc/arm-none-eabi/10.3.1/../../../../arm-none-eabi/lib/thumb/v7e-m/nofp\libm.a(lib_a-s_cos.o)
                0x08011d90                cos
 .text.floor    0x08011e30       0xf8 e:/software/gcc_2021.10/bin/../lib/gcc/arm-none-eabi/10.3.1/../../../../arm-none-eabi/lib/thumb/v7e-m/nofp\libm.a(lib_a-s_floor.o)
                0x08011e30                floor
 .text.rint     0x08011f28      0x138 e:/software/gcc_2021.10/bin/../lib/gcc/arm-none-eabi/10.3.1/../../../../arm-none-eabi/lib/thumb/v7e-m/nofp\libm.a(lib_a-s_rint.o)
                0x08011f28                rint
 .text.sin      0x08012060       0xb0 e:/software/gcc_2021.10/bin/../lib/gcc/arm-none-eabi/10.3.1/../../../../arm-none-eabi/lib/thumb/v7e-m/nofp\libm.a(lib_a-s_sin.o)
                0x08012060                sin
 .text.log      0x08012110       0x68 e:/software/gcc_2021.10/bin/../lib/gcc/arm-none-eabi/10.3.1/../../../../arm-none-eabi/lib/thumb/v7e-m/nofp\libm.a(lib_a-w_log.o)
                0x08012110                log
 .text.pow      0x08012178       0xdc e:/software/gcc_2021.10/bin/../lib/gcc/arm-none-eabi/10.3.1/../../../../arm-none-eabi/lib/thumb/v7e-m/nofp\libm.a(lib_a-w_pow.o)
                0x08012178                pow
 .text.sqrt     0x08012254       0x50 e:/software/gcc_2021.10/bin/../lib/gcc/arm-none-eabi/10.3.1/../../../../arm-none-eabi/lib/thumb/v7e-m/nofp\libm.a(lib_a-w_sqrt.o)
                0x08012254                sqrt
 *fill*         0x080122a4        0x4 
 .text.__ieee754_log
                0x080122a8      0x400 e:/software/gcc_2021.10/bin/../lib/gcc/arm-none-eabi/10.3.1/../../../../arm-none-eabi/lib/thumb/v7e-m/nofp\libm.a(lib_a-e_log.o)
                0x080122a8                __ieee754_log
 .text.__ieee754_pow
                0x080126a8      0xad8 e:/software/gcc_2021.10/bin/../lib/gcc/arm-none-eabi/10.3.1/../../../../arm-none-eabi/lib/thumb/v7e-m/nofp\libm.a(lib_a-e_pow.o)
                0x080126a8                __ieee754_pow
 .text.__ieee754_rem_pio2
                0x08013180      0x454 e:/software/gcc_2021.10/bin/../lib/gcc/arm-none-eabi/10.3.1/../../../../arm-none-eabi/lib/thumb/v7e-m/nofp\libm.a(lib_a-e_rem_pio2.o)
                0x08013180                __ieee754_rem_pio2
 .text.__ieee754_sqrt
                0x080135d4      0x18c e:/software/gcc_2021.10/bin/../lib/gcc/arm-none-eabi/10.3.1/../../../../arm-none-eabi/lib/thumb/v7e-m/nofp\libm.a(lib_a-e_sqrt.o)
                0x080135d4                __ieee754_sqrt
 .text.__kernel_cos
                0x08013760      0x260 e:/software/gcc_2021.10/bin/../lib/gcc/arm-none-eabi/10.3.1/../../../../arm-none-eabi/lib/thumb/v7e-m/nofp\libm.a(lib_a-k_cos.o)
                0x08013760                __kernel_cos
 .text.__kernel_rem_pio2
                0x080139c0      0x850 e:/software/gcc_2021.10/bin/../lib/gcc/arm-none-eabi/10.3.1/../../../../arm-none-eabi/lib/thumb/v7e-m/nofp\libm.a(lib_a-k_rem_pio2.o)
                0x080139c0                __kernel_rem_pio2
 .text.__kernel_sin
                0x08014210      0x184 e:/software/gcc_2021.10/bin/../lib/gcc/arm-none-eabi/10.3.1/../../../../arm-none-eabi/lib/thumb/v7e-m/nofp\libm.a(lib_a-k_sin.o)
                0x08014210                __kernel_sin
 .text.with_errno
                0x08014394       0x18 e:/software/gcc_2021.10/bin/../lib/gcc/arm-none-eabi/10.3.1/../../../../arm-none-eabi/lib/thumb/v7e-m/nofp\libm.a(lib_a-math_err.o)
 .text.xflow    0x080143ac       0x30 e:/software/gcc_2021.10/bin/../lib/gcc/arm-none-eabi/10.3.1/../../../../arm-none-eabi/lib/thumb/v7e-m/nofp\libm.a(lib_a-math_err.o)
 .text.__math_uflow
                0x080143dc        0xc e:/software/gcc_2021.10/bin/../lib/gcc/arm-none-eabi/10.3.1/../../../../arm-none-eabi/lib/thumb/v7e-m/nofp\libm.a(lib_a-math_err.o)
                0x080143dc                __math_uflow
 .text.__math_oflow
                0x080143e8        0xc e:/software/gcc_2021.10/bin/../lib/gcc/arm-none-eabi/10.3.1/../../../../arm-none-eabi/lib/thumb/v7e-m/nofp\libm.a(lib_a-math_err.o)
                0x080143e8                __math_oflow
 .text.fabs     0x080143f4        0x8 e:/software/gcc_2021.10/bin/../lib/gcc/arm-none-eabi/10.3.1/../../../../arm-none-eabi/lib/thumb/v7e-m/nofp\libm.a(lib_a-s_fabs.o)
                0x080143f4                fabs
 .text.finite   0x080143fc        0xc e:/software/gcc_2021.10/bin/../lib/gcc/arm-none-eabi/10.3.1/../../../../arm-none-eabi/lib/thumb/v7e-m/nofp\libm.a(lib_a-s_finite.o)
                0x080143fc                finite
 .text.nan      0x08014408        0xc e:/software/gcc_2021.10/bin/../lib/gcc/arm-none-eabi/10.3.1/../../../../arm-none-eabi/lib/thumb/v7e-m/nofp\libm.a(lib_a-s_nan.o)
                0x08014408                nan
 *fill*         0x08014414        0x4 
 .text.scalbn   0x08014418       0xf4 e:/software/gcc_2021.10/bin/../lib/gcc/arm-none-eabi/10.3.1/../../../../arm-none-eabi/lib/thumb/v7e-m/nofp\libm.a(lib_a-s_scalbn.o)
                0x08014418                scalbn
 *(.glue_7)
 .glue_7        0x0801450c        0x0 linker stubs
 *(.glue_7t)
 .glue_7t       0x0801450c        0x0 linker stubs
 *(.eh_frame)
 .eh_frame      0x0801450c        0x0 e:/software/gcc_2021.10/bin/../lib/gcc/arm-none-eabi/10.3.1/thumb/v7e-m/nofp/crtbegin.o
 *(.init)
 .init          0x0801450c        0x4 e:/software/gcc_2021.10/bin/../lib/gcc/arm-none-eabi/10.3.1/thumb/v7e-m/nofp/crti.o
                0x0801450c                _init
 .init          0x08014510        0x8 e:/software/gcc_2021.10/bin/../lib/gcc/arm-none-eabi/10.3.1/thumb/v7e-m/nofp/crtn.o
 *(.fini)
 .fini          0x08014518        0x4 e:/software/gcc_2021.10/bin/../lib/gcc/arm-none-eabi/10.3.1/thumb/v7e-m/nofp/crti.o
                0x08014518                _fini
 .fini          0x0801451c        0x8 e:/software/gcc_2021.10/bin/../lib/gcc/arm-none-eabi/10.3.1/thumb/v7e-m/nofp/crtn.o
                0x08014524                . = ALIGN (0x4)
                0x08014524                _etext = .

.vfp11_veneer   0x08014524        0x0
 .vfp11_veneer  0x08014524        0x0 linker stubs

.v4_bx          0x08014524        0x0
 .v4_bx         0x08014524        0x0 linker stubs

.iplt           0x08014524        0x0
 .iplt          0x08014524        0x0 e:/software/gcc_2021.10/bin/../lib/gcc/arm-none-eabi/10.3.1/thumb/v7e-m/nofp/crtbegin.o

.rodata         0x08014528    0x23818
                0x08014528                . = ALIGN (0x4)
 *(.rodata)
 .rodata        0x08014528       0x50 ./objects/printf-stdarg.o
 .rodata        0x08014578        0xc ./objects/tremo_uart.o
 .rodata        0x08014584       0x11 ./objects/sx126x.o
 *fill*         0x08014595        0x3 
 .rodata        0x08014598      0x188 ./objects/radio.o
                0x08014598                FskBandwidths
                0x080146a8                Bandwidths
                0x080146b4                Radio
 .rodata        0x08014720     0x217a ./objects/shine_mp3.o
                0x08014740                shine_scale_fact_band_index
                0x08014b34                shine_huffman_table
                0x08014e64                samplerates
                0x08014e88                bitrates
                0x08014f88                shine_slen1_tab
                0x08014fc8                shine_slen2_tab
                0x08015018                shine_enwindow
                0x08016894                hs
                0x08016898                dmask
 *fill*         0x0801689a        0x2 
 .rodata        0x0801689c     0x1ec8 ./objects/tinymp3.o
 .rodata        0x08018764     0x4e20 ./objects/int2idx.o
                0x08018764                int2idx
 .rodata        0x0801d584    0x19980 ./objects/mp3_data.o
                0x0801d584                data_mp3
 *(.rodata*)
 .rodata.str1.1
                0x08036f04       0x19 ./objects/printf-stdarg.o
 .rodata.str1.1
                0x08036f1d       0x71 ./objects/main.o
                                 0x7e (size before relaxing)
 .rodata.str1.1
                0x08036f8e       0x60 ./objects/lora_demo.o
 .rodata.str1.1
                0x08036fee       0x42 ./objects/app.o
 .rodata.str1.1
                0x08037030       0x2c ./objects/bsp_src.o
 .rodata.str1.1
                0x0803705c      0x3bf ./objects/lora_at_cmd.o
 .rodata.str1.1
                0x0803741b       0x2d ./objects/lora_core.o
                                 0x30 (size before relaxing)
 .rodata.str1.1
                0x08037448      0x185 ./objects/lora_flash.o
 .rodata.str1.1
                0x080375cd       0x3f ./objects/lora_user.o
 .rodata.str1.1
                0x0803760c       0x78 ./objects/send_packet.o
                                 0x7b (size before relaxing)
 .rodata.str1.1
                0x08037684       0x5c ./objects/lora_cmd_m.o
                                 0x9b (size before relaxing)
 .rodata.str1.1
                0x080376e0       0x3b ./objects/es8311.o
 .rodata.str1.1
                0x0803771b       0x39 ./objects/tinymp3.o
 .rodata._global_impure_ptr
                0x08037754        0x4 e:/software/gcc_2021.10/bin/../lib/gcc/arm-none-eabi/10.3.1/../../../../arm-none-eabi/lib/thumb/v7e-m/nofp\libc.a(lib_a-impure.o)
                0x08037754                _global_impure_ptr
 .rodata._vfprintf_r.str1.4
                0x08037758       0x42 e:/software/gcc_2021.10/bin/../lib/gcc/arm-none-eabi/10.3.1/../../../../arm-none-eabi/lib/thumb/v7e-m/nofp\libc.a(lib_a-vfprintf.o)
 *fill*         0x0803779a        0x2 
 .rodata.blanks.1
                0x0803779c       0x10 e:/software/gcc_2021.10/bin/../lib/gcc/arm-none-eabi/10.3.1/../../../../arm-none-eabi/lib/thumb/v7e-m/nofp\libc.a(lib_a-vfprintf.o)
 .rodata.zeroes.0
                0x080377ac       0x10 e:/software/gcc_2021.10/bin/../lib/gcc/arm-none-eabi/10.3.1/../../../../arm-none-eabi/lib/thumb/v7e-m/nofp\libc.a(lib_a-vfprintf.o)
 .rodata._ctype_
                0x080377bc      0x101 e:/software/gcc_2021.10/bin/../lib/gcc/arm-none-eabi/10.3.1/../../../../arm-none-eabi/lib/thumb/v7e-m/nofp\libc.a(lib_a-ctype_.o)
                0x080377bc                _ctype_
 *fill*         0x080378bd        0x3 
 .rodata._dtoa_r.str1.4
                0x080378c0       0xa2 e:/software/gcc_2021.10/bin/../lib/gcc/arm-none-eabi/10.3.1/../../../../arm-none-eabi/lib/thumb/v7e-m/nofp\libc.a(lib_a-dtoa.o)
                                 0xa6 (size before relaxing)
 *fill*         0x08037962        0x2 
 .rodata.__multadd.str1.4
                0x08037964       0x7f e:/software/gcc_2021.10/bin/../lib/gcc/arm-none-eabi/10.3.1/../../../../arm-none-eabi/lib/thumb/v7e-m/nofp\libc.a(lib_a-mprec.o)
                                 0x93 (size before relaxing)
 *fill*         0x080379e3        0x5 
 .rodata.__mprec_bigtens
                0x080379e8       0x28 e:/software/gcc_2021.10/bin/../lib/gcc/arm-none-eabi/10.3.1/../../../../arm-none-eabi/lib/thumb/v7e-m/nofp\libc.a(lib_a-mprec.o)
                0x080379e8                __mprec_bigtens
 .rodata.__mprec_tens
                0x08037a10       0xc8 e:/software/gcc_2021.10/bin/../lib/gcc/arm-none-eabi/10.3.1/../../../../arm-none-eabi/lib/thumb/v7e-m/nofp\libc.a(lib_a-mprec.o)
                0x08037a10                __mprec_tens
 .rodata.p05.0  0x08037ad8        0xc e:/software/gcc_2021.10/bin/../lib/gcc/arm-none-eabi/10.3.1/../../../../arm-none-eabi/lib/thumb/v7e-m/nofp\libc.a(lib_a-mprec.o)
 .rodata._vfiprintf_r.str1.4
                0x08037ae4       0x2f e:/software/gcc_2021.10/bin/../lib/gcc/arm-none-eabi/10.3.1/../../../../arm-none-eabi/lib/thumb/v7e-m/nofp\libc.a(lib_a-vfiprintf.o)
 .rodata.blanks.1
                0x08037ae4       0x10 e:/software/gcc_2021.10/bin/../lib/gcc/arm-none-eabi/10.3.1/../../../../arm-none-eabi/lib/thumb/v7e-m/nofp\libc.a(lib_a-vfiprintf.o)
 .rodata.zeroes.0
                0x08037af4       0x10 e:/software/gcc_2021.10/bin/../lib/gcc/arm-none-eabi/10.3.1/../../../../arm-none-eabi/lib/thumb/v7e-m/nofp\libc.a(lib_a-vfiprintf.o)
 .rodata.__assert_func.str1.4
                0x08037b04       0x3f e:/software/gcc_2021.10/bin/../lib/gcc/arm-none-eabi/10.3.1/../../../../arm-none-eabi/lib/thumb/v7e-m/nofp\libc.a(lib_a-assert.o)
                                 0x43 (size before relaxing)
 *fill*         0x08037b43        0x1 
 .rodata._setlocale_r.str1.4
                0x08037b44        0xa e:/software/gcc_2021.10/bin/../lib/gcc/arm-none-eabi/10.3.1/../../../../arm-none-eabi/lib/thumb/v7e-m/nofp\libc.a(lib_a-locale.o)
                                  0xd (size before relaxing)
 *fill*         0x08037b4e        0x2 
 .rodata.str1.4
                0x08037b50        0x2 e:/software/gcc_2021.10/bin/../lib/gcc/arm-none-eabi/10.3.1/../../../../arm-none-eabi/lib/thumb/v7e-m/nofp\libc.a(lib_a-locale.o)
 *fill*         0x08037b52        0x6 
 .rodata.TWO52  0x08037b58       0x10 e:/software/gcc_2021.10/bin/../lib/gcc/arm-none-eabi/10.3.1/../../../../arm-none-eabi/lib/thumb/v7e-m/nofp\libm.a(lib_a-s_rint.o)
 .rodata.log.str1.4
                0x08037b68        0x1 e:/software/gcc_2021.10/bin/../lib/gcc/arm-none-eabi/10.3.1/../../../../arm-none-eabi/lib/thumb/v7e-m/nofp\libm.a(lib_a-w_log.o)
 .rodata.npio2_hw
                0x08037b68       0x80 e:/software/gcc_2021.10/bin/../lib/gcc/arm-none-eabi/10.3.1/../../../../arm-none-eabi/lib/thumb/v7e-m/nofp\libm.a(lib_a-e_rem_pio2.o)
 .rodata.two_over_pi
                0x08037be8      0x108 e:/software/gcc_2021.10/bin/../lib/gcc/arm-none-eabi/10.3.1/../../../../arm-none-eabi/lib/thumb/v7e-m/nofp\libm.a(lib_a-e_rem_pio2.o)
 .rodata.PIo2   0x08037cf0       0x40 e:/software/gcc_2021.10/bin/../lib/gcc/arm-none-eabi/10.3.1/../../../../arm-none-eabi/lib/thumb/v7e-m/nofp\libm.a(lib_a-k_rem_pio2.o)
 .rodata.init_jk
                0x08037d30       0x10 e:/software/gcc_2021.10/bin/../lib/gcc/arm-none-eabi/10.3.1/../../../../arm-none-eabi/lib/thumb/v7e-m/nofp\libm.a(lib_a-k_rem_pio2.o)
                0x08037d40                . = ALIGN (0x4)

.ARM.extab
 *(.ARM.extab* .gnu.linkonce.armextab.*)

.ARM            0x08037d40        0x8
                0x08037d40                __exidx_start = .
 *(.ARM.exidx*)
 .ARM.exidx     0x08037d40        0x8 e:/software/gcc_2021.10/bin/../lib/gcc/arm-none-eabi/10.3.1/thumb/v7e-m/nofp\libgcc.a(_udivmoddi4.o)
                0x08037d48                __exidx_end = .

.rel.dyn        0x08037d48        0x0
 .rel.iplt      0x08037d48        0x0 e:/software/gcc_2021.10/bin/../lib/gcc/arm-none-eabi/10.3.1/thumb/v7e-m/nofp/crtbegin.o

.preinit_array  0x08037d48        0x0
                0x08037d48                PROVIDE (__preinit_array_start = .)
 *(.preinit_array*)
                0x08037d48                PROVIDE (__preinit_array_end = .)

.init_array     0x08037d48        0x8
                0x08037d48                PROVIDE (__init_array_start = .)
 *(SORT_BY_NAME(.init_array.*))
 .init_array.00000
                0x08037d48        0x4 e:/software/gcc_2021.10/bin/../lib/gcc/arm-none-eabi/10.3.1/../../../../arm-none-eabi/lib/thumb/v7e-m/nofp\libc.a(lib_a-__call_atexit.o)
 *(.init_array*)